M-Play (no serial) (11be:f80c) open; listening on EP 0x82 for 30 s ... (touch faders / press keys)
    0.014  KEY   0x5502 SELECT state=1 (press)  raw=01020255010102025500
    0.014  KEY   0x5502 SELECT state=0 (release)  raw=01020255010102025500
    0.221  FADER 0x9203 FADER LEVEL 1 value=0 (0x00) touch=1  raw=c20c039210020000000000000000000000000000000000000000000000010000000000000000000000
    0.293  FADER 0x9203 FADER LEVEL 1 value=13 (0x0d) touch=1  raw=c20c0392100200000000000000000000000d0000000000000000000000010000000000000000000000
    0.317  FADER 0x9203 FADER LEVEL 1 value=27 (0x1b) touch=1  raw=c20c0392100200000000000000000000001b0000000000000000000000010000000000000000000000
    0.341  FADER 0x9203 FADER LEVEL 1 value=36 (0x24) touch=1  raw=c20c039210020000000000000000000000240000000000000000000000010000000000000000000000
    0.365  FADER 0x9203 FADER LEVEL 1 value=48 (0x30) touch=1  raw=c20c039210020000000000000000000000300000000000000000000000010000000000000000000000
    0.389  FADER 0x9203 FADER LEVEL 1 value=59 (0x3b) touch=1  raw=c20c0392100200000000000000000000003b0000000000000000000000010000000000000000000000
    0.414  FADER 0x9203 FADER LEVEL 1 value=71 (0x47) touch=1  raw=c20c039210020000000000000000000000470000000000000000000000010000000000000000000000
    0.437  FADER 0x9203 FADER LEVEL 1 value=80 (0x50) touch=1  raw=c20c039210020000000000000000000000500000000000000000000000010000000000000000000000
    0.462  FADER 0x9203 FADER LEVEL 1 value=87 (0x57) touch=1  raw=c20c039210020000000000000000000000570000000000000000000000010000000000000000000000
    0.486  FADER 0x9203 FADER LEVEL 1 value=95 (0x5f) touch=1  raw=c20c0392100200000000000000000000005f0000000000000000000000010000000000000000000000
    0.510  FADER 0x9203 FADER LEVEL 1 value=103 (0x67) touch=1  raw=c20c039210020000000000000000000000670000000000000000000000010000000000000000000000
    0.541  FADER 0x9203 FADER LEVEL 1 value=109 (0x6d) touch=1  raw=c20c0392100200000000000000000000006d0000000000000000000000010000000000000000000000
    0.565  FADER 0x9203 FADER LEVEL 1 value=115 (0x73) touch=1  raw=c20c039210020000000000000000000000730000000000000000000000010000000000000000000000
    0.589  FADER 0x9203 FADER LEVEL 1 value=122 (0x7a) touch=1  raw=c20c0392100200000000000000000000007a0000000000000000000000010000000000000000000000
    0.613  FADER 0x9203 FADER LEVEL 1 value=132 (0x84) touch=1  raw=c20c039210020000000000000000000000840000000000000000000000010000000000000000000000
    0.638  FADER 0x9203 FADER LEVEL 1 value=144 (0x90) touch=1  raw=c20c039210020000000000000000000000900000000000000000000000010000000000000000000000
    0.661  FADER 0x9203 FADER LEVEL 1 value=151 (0x97) touch=1  raw=c20c039210020000000000000000000000970000000000000000000000010000000000000000000000
    0.685  FADER 0x9203 FADER LEVEL 1 value=157 (0x9d) touch=1  raw=c20c0392100200000000000000000000009d0000000000000000000000010000000000000000000000
    0.709  FADER 0x9203 FADER LEVEL 1 value=165 (0xa5) touch=1  raw=c20c039210020000000000000000000000a50000000000000000000000010000000000000000000000
    0.733  FADER 0x9203 FADER LEVEL 1 value=175 (0xaf) touch=1  raw=c20c039210020000000000000000000000af0000000000000000000000010000000000000000000000
    0.758  FADER 0x9203 FADER LEVEL 1 value=184 (0xb8) touch=1  raw=c20c039210020000000000000000000000b80000000000000000000000010000000000000000000000
    0.782  FADER 0x9203 FADER LEVEL 1 value=192 (0xc0) touch=1  raw=c20c039210020000000000000000000000c00000000000000000000000010000000000000000000000
    0.806  FADER 0x9203 FADER LEVEL 1 value=199 (0xc7) touch=1  raw=c20c039210020000000000000000000000c70000000000000000000000010000000000000000000000
    0.829  FADER 0x9203 FADER LEVEL 1 value=205 (0xcd) touch=1  raw=c20c039210020000000000000000000000cd0000000000000000000000010000000000000000000000
    0.862  FADER 0x9203 FADER LEVEL 1 value=214 (0xd6) touch=1  raw=c20c039210020000000000000000000000d60000000000000000000000010000000000000000000000
    0.886  FADER 0x9203 FADER LEVEL 1 value=221 (0xdd) touch=1  raw=c20c039210020000000000000000000000dd0000000000000000000000010000000000000000000000
    0.909  FADER 0x9203 FADER LEVEL 1 value=226 (0xe2) touch=1  raw=c20c039210020000000000000000000000e20000000000000000000000010000000000000000000000
    0.933  FADER 0x9203 FADER LEVEL 1 value=231 (0xe7) touch=1  raw=c20c039210020000000000000000000000e70000000000000000000000010000000000000000000000
    0.957  FADER 0x9203 FADER LEVEL 1 value=237 (0xed) touch=1  raw=c20c039210020000000000000000000000ed0000000000000000000000010000000000000000000000
    0.982  FADER 0x9203 FADER LEVEL 1 value=245 (0xf5) touch=1  raw=c20c039210020000000000000000000000f50000000000000000000000010000000000000000000000
    1.006  FADER 0x9203 FADER LEVEL 1 value=254 (0xfe) touch=1  raw=c20c039210020000000000000000000000fe0000000000000000000000010000000000000000000000
    1.030  FADER 0x9203 FADER LEVEL 1 value=255 (0xff) touch=1  raw=c20c039210020000000000000000000000ff0000000000000000000000010000000000000000000000
    1.397  FADER 0x9203 FADER LEVEL 1 value=255 (0xff) touch=0 (lift)  raw=c20c039210020000000000000000000000ff0000000000000000000000000000000000000000000000
   10.878  KEY   0x5502 SELECT state=1 (press)  raw=0102025501
   11.333  KEY   0x5502 SELECT state=0 (release)  raw=0102025500
   17.494  FADER 0x9203 FADER LEVEL 1 value=0 (0x00) touch=1  raw=c20c039210020000000000000000000000000000000000000000000000010000000000000000000000
   17.709  FADER 0x9203 FADER LEVEL 1 value=4 (0x04) touch=1  raw=c20c039210020000000000000000000000040000000000000000000000010000000000000000000000
   17.733  FADER 0x9203 FADER LEVEL 1 value=24 (0x18) touch=1  raw=c20c039210020000000000000000000000180000000000000000000000010000000000000000000000
   17.758  FADER 0x9203 FADER LEVEL 1 value=47 (0x2f) touch=1  raw=c20c0392100200000000000000000000002f0000000000000000000000010000000000000000000000
   17.790  FADER 0x9203 FADER LEVEL 1 value=71 (0x47) touch=1  raw=c20c039210020000000000000000000000470000000000000000000000010000000000000000000000
   17.814  FADER 0x9203 FADER LEVEL 1 value=91 (0x5b) touch=1  raw=c20c0392100200000000000000000000005b0000000000000000000000010000000000000000000000
   17.838  FADER 0x9203 FADER LEVEL 1 value=110 (0x6e) touch=1  raw=c20c0392100200000000000000000000006e0000000000000000000000010000000000000000000000
   17.861  FADER 0x9203 FADER LEVEL 1 value=136 (0x88) touch=1  raw=c20c039210020000000000000000000000880000000000000000000000010000000000000000000000
   17.885  FADER 0x9203 FADER LEVEL 1 value=161 (0xa1) touch=1  raw=c20c039210020000000000000000000000a10000000000000000000000010000000000000000000000
   17.910  FADER 0x9203 FADER LEVEL 1 value=185 (0xb9) touch=1  raw=c20c039210020000000000000000000000b90000000000000000000000010000000000000000000000
   17.933  FADER 0x9203 FADER LEVEL 1 value=212 (0xd4) touch=1  raw=c20c039210020000000000000000000000d40000000000000000000000010000000000000000000000
   17.958  FADER 0x9203 FADER LEVEL 1 value=234 (0xea) touch=1  raw=c20c039210020000000000000000000000ea0000000000000000000000010000000000000000000000
   17.982  FADER 0x9203 FADER LEVEL 1 value=255 (0xff) touch=1  raw=c20c039210020000000000000000000000ff0000000000000000000000010000000000000000000000
   19.182  FADER 0x9203 FADER LEVEL 1 value=253 (0xfd) touch=1  raw=c20c039210020000000000000000000000fd0000000000000000000000010000000000000000000000
   19.230  FADER 0x9203 FADER LEVEL 1 value=234 (0xea) touch=1  raw=c20c039210020000000000000000000000ea0000000000000000000000010000000000000000000000
   19.278  FADER 0x9203 FADER LEVEL 1 value=205 (0xcd) touch=1  raw=c20c039210020000000000000000000000cd0000000000000000000000010000000000000000000000
   19.326  FADER 0x9203 FADER LEVEL 1 value=177 (0xb1) touch=1  raw=c20c039210020000000000000000000000b10000000000000000000000010000000000000000000000
   19.374  FADER 0x9203 FADER LEVEL 1 value=155 (0x9b) touch=1  raw=c20c0392100200000000000000000000009b0000000000000000000000010000000000000000000000
   19.429  FADER 0x9203 FADER LEVEL 1 value=117 (0x75) touch=1  raw=c20c039210020000000000000000000000750000000000000000000000010000000000000000000000
   19.478  FADER 0x9203 FADER LEVEL 1 value=91 (0x5b) touch=1  raw=c20c0392100200000000000000000000005b0000000000000000000000010000000000000000000000
   19.526  FADER 0x9203 FADER LEVEL 1 value=57 (0x39) touch=1  raw=c20c039210020000000000000000000000390000000000000000000000010000000000000000000000
   19.574  FADER 0x9203 FADER LEVEL 1 value=14 (0x0e) touch=1  raw=c20c0392100200000000000000000000000e0000000000000000000000010000000000000000000000
   19.622  FADER 0x9203 FADER LEVEL 1 value=0 (0x00) touch=1  raw=c20c039210020000000000000000000000000000000000000000000000010000000000000000000000
   20.358  FADER 0x9203 FADER LEVEL 1 value=0 (0x00) touch=0 (lift)  raw=c20c039210020000000000000000000000000000000000000000000000000000000000000000000000
--- 30.0 s: 61 events; reports by type: analog-bank=57 key=4; idle polls=3690 (123.0/s)
--- report interval: min 22.9 ms, max 9481.2 ms (between non-empty packets)
