M-Play (no serial) (11be:f80c) open; listening on EP 0x82 for 150 s ... (touch faders / press keys)
   19.666  KEY   0x9F13 FADER BANK PageDown state=1 (press)  raw=0102139f01
   19.994  KEY   0x9F13 FADER BANK PageDown state=0 (release)  raw=0102139f00
   20.378  KEY   0x9F12 FADER BANK PageUp state=1 (press)  raw=0102129f01
   21.058  KEY   0x9F12 FADER BANK PageUp state=0 (release)  raw=0102129f00
   21.969  KEY   0x5504 BEAT state=1 (press)  raw=0102045501
   22.258  KEY   0x5504 BEAT state=0 (release)  raw=0102045500
   23.594  KEY   0x5502 SELECT state=1 (press)  raw=0102025501
   23.914  KEY   0x5502 SELECT state=0 (release)  raw=0102025500
   25.442  KEY   0x5511 SNAP state=1 (press)  raw=0102115501
   25.642  KEY   0x5511 SNAP state=0 (release)  raw=01021155000102035501
   25.642  KEY   0x5503 RELEASE (Rel) state=1 (press)  raw=01021155000102035501
   25.738  KEY   0x5503 RELEASE (Rel) state=0 (release)  raw=0102035500
   26.617  KEY   0x5503 RELEASE (Rel) state=1 (press)  raw=0102035501
   26.970  KEY   0x5503 RELEASE (Rel) state=0 (release)  raw=0102035500
   32.041  KEY   0x5512 Pause (||/Back) state=1 (press)  raw=0102125501
   32.329  KEY   0x5512 Pause (||/Back) state=0 (release)  raw=0102125500
   34.474  KEY   0x5513 Next (Go) state=1 (press)  raw=0102135501
   34.730  KEY   0x5513 Next (Go) state=0 (release)  raw=0102135500
   41.754  KEY   0x9E13 FADER EXT BANK PageDown state=1 (press)  raw=0102139e01
   42.113  KEY   0x9E13 FADER EXT BANK PageDown state=0 (release)  raw=0102139e00
   43.250  KEY   0x9E12 FADER EXT BANK PageUp state=1 (press)  raw=0102129e01
   43.578  KEY   0x9E12 FADER EXT BANK PageUp state=0 (release)  raw=0102129e00
   53.905  PRESS 0x9205 FADER PFD 1 value=73 (0x49) touch=1  raw=c20c059210020000000000000000000000490000000000000000000000010000000000000000000000
   53.930  PRESS 0x9205 FADER PFD 1 value=107 (0x6b) touch=1  raw=c20c0592100200000000000000000000006b0000000000000000000000010000000000000000000000
   53.954  PRESS 0x9205 FADER PFD 1 value=161 (0xa1) touch=1  raw=c20c059210020000000000000000000000a10000000000000000000000010000000000000000000000
   53.978  PRESS 0x9205 FADER PFD 1 value=208 (0xd0) touch=1  raw=c20c059210020000000000000000000000d00000000000000000000000010000000000000000000000
   54.002  PRESS 0x9205 FADER PFD 1 value=238 (0xee) touch=1  raw=c20c059210020000000000000000000000ee0000000000000000000000010000000000000000000000
   54.026  PRESS 0x9205 FADER PFD 1 value=250 (0xfa) touch=1  raw=c20c059210020000000000000000000000fa0000000000000000000000010000000000000000000000
   54.050  PRESS 0x9205 FADER PFD 1 value=254 (0xfe) touch=1  raw=c20c059210020000000000000000000000fe0000000000000000000000010000000000000000000000
   54.074  PRESS 0x9205 FADER PFD 1 value=255 (0xff) touch=1  raw=c20c059210020000000000000000000000ff0000000000000000000000010000000000000000000000
   54.170  PRESS 0x9205 FADER PFD 1 value=243 (0xf3) touch=1  raw=c20c059210020000000000000000000000f30000000000000000000000010000000000000000000000
   54.202  PRESS 0x9205 FADER PFD 1 value=204 (0xcc) touch=1  raw=c20c059210020000000000000000000000cc0000000000000000000000010000000000000000000000
   54.226  PRESS 0x9205 FADER PFD 1 value=120 (0x78) touch=1  raw=c20c059210020000000000000000000000780000000000000000000000010000000000000000000000
   54.249  PRESS 0x9205 FADER PFD 1 value=0 (0x00) touch=0 (release)  raw=c20c059210020000000000000000000000000000000000000000000000000000000000000000000000
   55.474  PRESS 0x9205 FADER PFD 1 value=255 (0xff) touch=1  raw=c20c059210020000000000000000000000ff0000000000000000000000010000000000000000000000
   55.690  PRESS 0x9205 FADER PFD 1 value=242 (0xf2) touch=1  raw=c20c059210020000000000000000000000f20000000000000000000000010000000000000000000000
   55.714  PRESS 0x9205 FADER PFD 1 value=49 (0x31) touch=1  raw=c20c059210020000000000000000000000310000000000000000000000010000000000000000000000
   55.738  PRESS 0x9205 FADER PFD 1 value=0 (0x00) touch=0 (release)  raw=c20c059210020000000000000000000000000000000000000000000000000000000000000000000000
   57.746  PRESS 0x92C5 FADER PFD 13 value=211 (0xd3) touch=1  raw=c20cc59210020000000000000000000000d30000000000000000000000010000000000000000000000
   57.770  PRESS 0x92C5 FADER PFD 13 value=247 (0xf7) touch=1  raw=c20cc59210020000000000000000000000f70000000000000000000000010000000000000000000000
   57.794  PRESS 0x92C5 FADER PFD 13 value=254 (0xfe) touch=1  raw=c20cc59210020000000000000000000000fe0000000000000000000000010000000000000000000000
   57.818  PRESS 0x92C5 FADER PFD 13 value=255 (0xff) touch=1  raw=c20cc59210020000000000000000000000ff0000000000000000000000010000000000000000000000
   58.018  PRESS 0x92C5 FADER PFD 13 value=224 (0xe0) touch=1  raw=c20cc59210020000000000000000000000e00000000000000000000000010000000000000000000000
   58.042  PRESS 0x92C5 FADER PFD 13 value=85 (0x55) touch=1  raw=c20cc59210020000000000000000000000550000000000000000000000010000000000000000000000
   58.066  PRESS 0x92C5 FADER PFD 13 value=0 (0x00) touch=0 (release)  raw=c20cc59210020000000000000000000000000000000000000000000000000000000000000000000000
   60.811  PRESS 0x92B5 FADER PFD 12 value=79 (0x4f) touch=1  raw=c20c05921000000000000000000000000200000000000000000000004f000000000000000000000001
   60.833  PRESS 0x92B5 FADER PFD 12 value=171 (0xab) touch=1  raw=c20c0592100000000000000000000000020000000000000000000000ab000000000000000000000001
   60.866  PRESS 0x92B5 FADER PFD 12 value=227 (0xe3) touch=1  raw=c20c0592100000000000000000000000020000000000000000000000e3000000000000000000000001
   60.890  PRESS 0x92B5 FADER PFD 12 value=255 (0xff) touch=1  raw=c20c0592100000000000000000000000020000000000000000000000ff000000000000000000000001
   61.130  PRESS 0x92B5 FADER PFD 12 value=172 (0xac) touch=1  raw=c20c0592100000000000000000000000020000000000000000000000ac000000000000000000000001
   61.154  PRESS 0x92B5 FADER PFD 12 value=60 (0x3c) touch=1  raw=c20c05921000000000000000000000000200000000000000000000003c000000000000000000000001
   61.178  PRESS 0x92B5 FADER PFD 12 value=0 (0x00) touch=0 (release)  raw=c20c059210000000000000000000000002000000000000000000000000000000000000000000000000
   61.890  PRESS 0x92B5 FADER PFD 12 value=255 (0xff) touch=1  raw=c20c0592100000000000000000000000020000000000000000000000ff000000000000000000000001
   61.985  PRESS 0x92B5 FADER PFD 12 value=254 (0xfe) touch=1  raw=c20c0592100000000000000000000000020000000000000000000000fe000000000000000000000001
   62.010  PRESS 0x92B5 FADER PFD 12 value=243 (0xf3) touch=1  raw=c20c0592100000000000000000000000020000000000000000000000f3000000000000000000000001
   62.033  PRESS 0x92B5 FADER PFD 12 value=209 (0xd1) touch=1  raw=c20c0592100000000000000000000000020000000000000000000000d1000000000000000000000001
   62.057  PRESS 0x92B5 FADER PFD 12 value=0 (0x00) touch=0 (release)  raw=c20c059210000000000000000000000002000000000000000000000000000000000000000000000000
   63.258  PRESS 0x9375 FADER PFD 24 value=147 (0x93) touch=1  raw=c20cc59210000000000000000000000002000000000000000000000093000000000000000000000001
   63.282  PRESS 0x9375 FADER PFD 24 value=210 (0xd2) touch=1  raw=c20cc592100000000000000000000000020000000000000000000000d2000000000000000000000001
   63.305  PRESS 0x9375 FADER PFD 24 value=246 (0xf6) touch=1  raw=c20cc592100000000000000000000000020000000000000000000000f6000000000000000000000001
   63.338  PRESS 0x9375 FADER PFD 24 value=254 (0xfe) touch=1  raw=c20cc592100000000000000000000000020000000000000000000000fe000000000000000000000001
   63.362  PRESS 0x9375 FADER PFD 24 value=255 (0xff) touch=1  raw=c20cc592100000000000000000000000020000000000000000000000ff000000000000000000000001
   63.506  PRESS 0x9375 FADER PFD 24 value=198 (0xc6) touch=1  raw=c20cc592100000000000000000000000020000000000000000000000c6000000000000000000000001
   63.531  PRESS 0x9375 FADER PFD 24 value=12 (0x0c) touch=1  raw=c20cc5921000000000000000000000000200000000000000000000000c000000000000000000000001
   63.555  PRESS 0x9375 FADER PFD 24 value=0 (0x00) touch=0 (release)  raw=c20cc59210000000000000000000000002000000000000000000000000000000000000000000000000
   65.746  FADER 0x9203 FADER LEVEL 1 value=0 (0x00) touch=1  raw=c20c039210020000000000000000000000000000000000000000000000010000000000000000000000
   65.890  FADER 0x9203 FADER LEVEL 1 value=13 (0x0d) touch=1  raw=c20c0392100200000000000000000000000d0000000000000000000000010000000000000000000000
   65.914  FADER 0x9203 FADER LEVEL 1 value=28 (0x1c) touch=1  raw=c20c0392100200000000000000000000001c0000000000000000000000010000000000000000000000
   65.938  FADER 0x9203 FADER LEVEL 1 value=47 (0x2f) touch=1  raw=c20c0392100200000000000000000000002f0000000000000000000000010000000000000000000000
   65.962  FADER 0x9203 FADER LEVEL 1 value=70 (0x46) touch=1  raw=c20c039210020000000000000000000000460000000000000000000000010000000000000000000000
   65.987  FADER 0x9203 FADER LEVEL 1 value=95 (0x5f) touch=1  raw=c20c0392100200000000000000000000005f0000000000000000000000010000000000000000000000
   66.011  FADER 0x9203 FADER LEVEL 1 value=119 (0x77) touch=1  raw=c20c039210020000000000000000000000770000000000000000000000010000000000000000000000
   66.034  FADER 0x9203 FADER LEVEL 1 value=144 (0x90) touch=1  raw=c20c039210020000000000000000000000900000000000000000000000010000000000000000000000
   66.059  FADER 0x9203 FADER LEVEL 1 value=165 (0xa5) touch=1  raw=c20c039210020000000000000000000000a50000000000000000000000010000000000000000000000
   66.081  FADER 0x9203 FADER LEVEL 1 value=188 (0xbc) touch=1  raw=c20c039210020000000000000000000000bc0000000000000000000000010000000000000000000000
   66.106  FADER 0x9203 FADER LEVEL 1 value=213 (0xd5) touch=1  raw=c20c039210020000000000000000000000d50000000000000000000000010000000000000000000000
   66.138  FADER 0x9203 FADER LEVEL 1 value=227 (0xe3) touch=1  raw=c20c039210020000000000000000000000e30000000000000000000000010000000000000000000000
   66.162  FADER 0x9203 FADER LEVEL 1 value=242 (0xf2) touch=1  raw=c20c039210020000000000000000000000f20000000000000000000000010000000000000000000000
   66.185  FADER 0x9203 FADER LEVEL 1 value=255 (0xff) touch=1  raw=c20c039210020000000000000000000000ff0000000000000000000000010000000000000000000000
   67.066  FADER 0x9203 FADER LEVEL 1 value=236 (0xec) touch=1  raw=c20c039210020000000000000000000000ec0000000000000000000000010000000000000000000000
   67.114  FADER 0x9203 FADER LEVEL 1 value=214 (0xd6) touch=1  raw=c20c039210020000000000000000000000d60000000000000000000000010000000000000000000000
   67.162  FADER 0x9203 FADER LEVEL 1 value=186 (0xba) touch=1  raw=c20c039210020000000000000000000000ba0000000000000000000000010000000000000000000000
   67.211  FADER 0x9203 FADER LEVEL 1 value=159 (0x9f) touch=1  raw=c20c0392100200000000000000000000009f0000000000000000000000010000000000000000000000
   67.258  FADER 0x9203 FADER LEVEL 1 value=126 (0x7e) touch=1  raw=c20c0392100200000000000000000000007e0000000000000000000000010000000000000000000000
   67.306  FADER 0x9203 FADER LEVEL 1 value=87 (0x57) touch=1  raw=c20c039210020000000000000000000000570000000000000000000000010000000000000000000000
   67.362  FADER 0x9203 FADER LEVEL 1 value=49 (0x31) touch=1  raw=c20c039210020000000000000000000000310000000000000000000000010000000000000000000000
   67.410  FADER 0x9203 FADER LEVEL 1 value=5 (0x05) touch=1  raw=c20c039210020000000000000000000000050000000000000000000000010000000000000000000000
   67.457  FADER 0x9203 FADER LEVEL 1 value=0 (0x00) touch=1  raw=c20c039210020000000000000000000000000000000000000000000000010000000000000000000000
   68.138  FADER 0x9203 FADER LEVEL 1 value=0 (0x00) touch=0 (lift)  raw=c20c039210020000000000000000000000000000000000000000000000000000000000000000000000
   69.027  FADER 0x92B3 FADER LEVEL 12 value=0 (0x00) touch=1  raw=c20c039210000000000000000000000002000000000000000000000000000000000000000000000001
   69.170  FADER 0x92B3 FADER LEVEL 12 value=2 (0x02) touch=1  raw=c20c039210000000000000000000000002000000000000000000000002000000000000000000000001
   69.194  FADER 0x92B3 FADER LEVEL 12 value=18 (0x12) touch=1  raw=c20c039210000000000000000000000002000000000000000000000012000000000000000000000001
   69.226  FADER 0x92B3 FADER LEVEL 12 value=33 (0x21) touch=1  raw=c20c039210000000000000000000000002000000000000000000000021000000000000000000000001
   69.250  FADER 0x92B3 FADER LEVEL 12 value=46 (0x2e) touch=1  raw=c20c03921000000000000000000000000200000000000000000000002e000000000000000000000001
   69.274  FADER 0x92B3 FADER LEVEL 12 value=63 (0x3f) touch=1  raw=c20c03921000000000000000000000000200000000000000000000003f000000000000000000000001
   69.298  FADER 0x92B3 FADER LEVEL 12 value=83 (0x53) touch=1  raw=c20c039210000000000000000000000002000000000000000000000053000000000000000000000001
   69.322  FADER 0x92B3 FADER LEVEL 12 value=104 (0x68) touch=1  raw=c20c039210000000000000000000000002000000000000000000000068000000000000000000000001
   69.346  FADER 0x92B3 FADER LEVEL 12 value=124 (0x7c) touch=1  raw=c20c03921000000000000000000000000200000000000000000000007c000000000000000000000001
   69.370  FADER 0x92B3 FADER LEVEL 12 value=144 (0x90) touch=1  raw=c20c039210000000000000000000000002000000000000000000000090000000000000000000000001
   69.394  FADER 0x92B3 FADER LEVEL 12 value=162 (0xa2) touch=1  raw=c20c0392100000000000000000000000020000000000000000000000a2000000000000000000000001
   69.418  FADER 0x92B3 FADER LEVEL 12 value=177 (0xb1) touch=1  raw=c20c0392100000000000000000000000020000000000000000000000b1000000000000000000000001
   69.443  FADER 0x92B3 FADER LEVEL 12 value=191 (0xbf) touch=1  raw=c20c0392100000000000000000000000020000000000000000000000bf000000000000000000000001
   69.466  FADER 0x92B3 FADER LEVEL 12 value=207 (0xcf) touch=1  raw=c20c0392100000000000000000000000020000000000000000000000cf000000000000000000000001
   69.491  FADER 0x92B3 FADER LEVEL 12 value=221 (0xdd) touch=1  raw=c20c0392100000000000000000000000020000000000000000000000dd000000000000000000000001
   69.515  FADER 0x92B3 FADER LEVEL 12 value=233 (0xe9) touch=1  raw=c20c0392100000000000000000000000020000000000000000000000e9000000000000000000000001
   69.546  FADER 0x92B3 FADER LEVEL 12 value=242 (0xf2) touch=1  raw=c20c0392100000000000000000000000020000000000000000000000f2000000000000000000000001
   69.570  FADER 0x92B3 FADER LEVEL 12 value=250 (0xfa) touch=1  raw=c20c0392100000000000000000000000020000000000000000000000fa000000000000000000000001
   69.594  FADER 0x92B3 FADER LEVEL 12 value=255 (0xff) touch=1  raw=c20c0392100000000000000000000000020000000000000000000000ff000000000000000000000001
   70.299  FADER 0x92B3 FADER LEVEL 12 value=236 (0xec) touch=1  raw=c20c0392100000000000000000000000020000000000000000000000ec000000000000000000000001
   70.354  FADER 0x92B3 FADER LEVEL 12 value=217 (0xd9) touch=1  raw=c20c0392100000000000000000000000020000000000000000000000d9000000000000000000000001
   70.402  FADER 0x92B3 FADER LEVEL 12 value=192 (0xc0) touch=1  raw=c20c0392100000000000000000000000020000000000000000000000c0000000000000000000000001
   70.450  FADER 0x92B3 FADER LEVEL 12 value=168 (0xa8) touch=1  raw=c20c0392100000000000000000000000020000000000000000000000a8000000000000000000000001
   70.498  FADER 0x92B3 FADER LEVEL 12 value=144 (0x90) touch=1  raw=c20c039210000000000000000000000002000000000000000000000090000000000000000000000001
   70.546  FADER 0x92B3 FADER LEVEL 12 value=115 (0x73) touch=1  raw=c20c039210000000000000000000000002000000000000000000000073000000000000000000000001
   70.595  FADER 0x92B3 FADER LEVEL 12 value=86 (0x56) touch=1  raw=c20c039210000000000000000000000002000000000000000000000056000000000000000000000001
   70.644  FADER 0x92B3 FADER LEVEL 12 value=61 (0x3d) touch=1  raw=c20c03921000000000000000000000000200000000000000000000003d000000000000000000000001
   70.690  FADER 0x92B3 FADER LEVEL 12 value=37 (0x25) touch=1  raw=c20c039210000000000000000000000002000000000000000000000025000000000000000000000001
   70.746  FADER 0x92B3 FADER LEVEL 12 value=17 (0x11) touch=1  raw=c20c039210000000000000000000000002000000000000000000000011000000000000000000000001
   70.795  FADER 0x92B3 FADER LEVEL 12 value=0 (0x00) touch=1  raw=c20c039210000000000000000000000002000000000000000000000000000000000000000000000001
   71.404  FADER 0x92B3 FADER LEVEL 12 value=0 (0x00) touch=0 (lift)  raw=c20c039210000000000000000000000002000000000000000000000000000000000000000000000000
   74.017  FADER 0x9253 FADER LEVEL 6 value=0 (0x00) touch=1  raw=c20c039210000000000002000000000000000000000000000000000000000000000001000000000000
   74.043  FADER 0x9243 FADER LEVEL 5 value=0 (0x00) touch=1  raw=c20c039210000000000200000000000000000000000000000000000000000000000101000000000000
   74.138  FADER 0x9253 FADER LEVEL 6 value=6 (0x06) touch=1  raw=c20c039210000000000002000000000000000000000006000000000000000000000101000000000000
   74.162  FADER 0x9243 FADER LEVEL 5 value=4 (0x04) touch=1  raw=c20c039210000000000202000000000000000000000410000000000000000000000101000000000000
   74.162  FADER 0x9253 FADER LEVEL 6 value=16 (0x10) touch=1  raw=c20c039210000000000202000000000000000000000410000000000000000000000101000000000000
   74.186  FADER 0x9243 FADER LEVEL 5 value=16 (0x10) touch=1  raw=c20c039210000000000200000000000000000000001010000000000000000000000101000000000000
   74.194  FADER 0x9253 FADER LEVEL 6 value=27 (0x1b) touch=1  raw=c20c03921000000000000200000000000000000000101b000000000000000000000101000000000000
   74.218  FADER 0x9243 FADER LEVEL 5 value=28 (0x1c) touch=1  raw=c20c039210000000000202000000000000000000001c27000000000000000000000101000000000000
   74.218  FADER 0x9253 FADER LEVEL 6 value=39 (0x27) touch=1  raw=c20c039210000000000202000000000000000000001c27000000000000000000000101000000000000
   74.243  FADER 0x9243 FADER LEVEL 5 value=41 (0x29) touch=1  raw=c20c039210000000000202000000000000000000002933000000000000000000000101000000000000
   74.243  FADER 0x9253 FADER LEVEL 6 value=51 (0x33) touch=1  raw=c20c039210000000000202000000000000000000002933000000000000000000000101000000000000
   74.266  FADER 0x9243 FADER LEVEL 5 value=55 (0x37) touch=1  raw=c20c039210000000000202000000000000000000003741000000000000000000000101000000000000
   74.266  FADER 0x9253 FADER LEVEL 6 value=65 (0x41) touch=1  raw=c20c039210000000000202000000000000000000003741000000000000000000000101000000000000
   74.290  FADER 0x9243 FADER LEVEL 5 value=66 (0x42) touch=1  raw=c20c03921000000000020200000000000000000000424c000000000000000000000101000000000000
   74.290  FADER 0x9253 FADER LEVEL 6 value=76 (0x4c) touch=1  raw=c20c03921000000000020200000000000000000000424c000000000000000000000101000000000000
   74.314  FADER 0x9243 FADER LEVEL 5 value=78 (0x4e) touch=1  raw=c20c039210000000000202000000000000000000004e58000000000000000000000101000000000000
   74.314  FADER 0x9253 FADER LEVEL 6 value=88 (0x58) touch=1  raw=c20c039210000000000202000000000000000000004e58000000000000000000000101000000000000
   74.339  FADER 0x9243 FADER LEVEL 5 value=87 (0x57) touch=1  raw=c20c039210000000000202000000000000000000005761000000000000000000000101000000000000
   74.339  FADER 0x9253 FADER LEVEL 6 value=97 (0x61) touch=1  raw=c20c039210000000000202000000000000000000005761000000000000000000000101000000000000
   74.362  FADER 0x9243 FADER LEVEL 5 value=96 (0x60) touch=1  raw=c20c03921000000000020200000000000000000000606b000000000000000000000101000000000000
   74.362  FADER 0x9253 FADER LEVEL 6 value=107 (0x6b) touch=1  raw=c20c03921000000000020200000000000000000000606b000000000000000000000101000000000000
   74.387  FADER 0x9243 FADER LEVEL 5 value=107 (0x6b) touch=1  raw=c20c039210000000000202000000000000000000006b74000000000000000000000101000000000000
   74.387  FADER 0x9253 FADER LEVEL 6 value=116 (0x74) touch=1  raw=c20c039210000000000202000000000000000000006b74000000000000000000000101000000000000
   74.410  FADER 0x9243 FADER LEVEL 5 value=117 (0x75) touch=1  raw=c20c03921000000000020200000000000000000000757f000000000000000000000101000000000000
   74.410  FADER 0x9253 FADER LEVEL 6 value=127 (0x7f) touch=1  raw=c20c03921000000000020200000000000000000000757f000000000000000000000101000000000000
   74.438  FADER 0x9243 FADER LEVEL 5 value=130 (0x82) touch=1  raw=c20c03921000000000020200000000000000000000828a000000000000000000000101000000000000
   74.438  FADER 0x9253 FADER LEVEL 6 value=138 (0x8a) touch=1  raw=c20c03921000000000020200000000000000000000828a000000000000000000000101000000000000
   74.458  FADER 0x9243 FADER LEVEL 5 value=144 (0x90) touch=1  raw=c20c039210000000000202000000000000000000009096000000000000000000000101000000000000
   74.458  FADER 0x9253 FADER LEVEL 6 value=150 (0x96) touch=1  raw=c20c039210000000000202000000000000000000009096000000000000000000000101000000000000
   74.482  FADER 0x9243 FADER LEVEL 5 value=155 (0x9b) touch=1  raw=c20c039210000000000202000000000000000000009ba1000000000000000000000101000000000000
   74.482  FADER 0x9253 FADER LEVEL 6 value=161 (0xa1) touch=1  raw=c20c039210000000000202000000000000000000009ba1000000000000000000000101000000000000
   74.507  FADER 0x9243 FADER LEVEL 5 value=167 (0xa7) touch=1  raw=c20c03921000000000020000000000000000000000a7a1000000000000000000000101000000000000
   74.514  FADER 0x9253 FADER LEVEL 6 value=173 (0xad) touch=1  raw=c20c03921000000000000200000000000000000000a7ad000000000000000000000101000000000000
   74.538  FADER 0x9243 FADER LEVEL 5 value=179 (0xb3) touch=1  raw=c20c03921000000000020200000000000000000000b3b8000000000000000000000101000000000000
   74.538  FADER 0x9253 FADER LEVEL 6 value=184 (0xb8) touch=1  raw=c20c03921000000000020200000000000000000000b3b8000000000000000000000101000000000000
   74.562  FADER 0x9243 FADER LEVEL 5 value=192 (0xc0) touch=1  raw=c20c03921000000000020200000000000000000000c0c4000000000000000000000101000000000000
   74.562  FADER 0x9253 FADER LEVEL 6 value=196 (0xc4) touch=1  raw=c20c03921000000000020200000000000000000000c0c4000000000000000000000101000000000000
   74.586  FADER 0x9243 FADER LEVEL 5 value=203 (0xcb) touch=1  raw=c20c03921000000000020200000000000000000000cbcf000000000000000000000101000000000000
   74.586  FADER 0x9253 FADER LEVEL 6 value=207 (0xcf) touch=1  raw=c20c03921000000000020200000000000000000000cbcf000000000000000000000101000000000000
   74.610  FADER 0x9243 FADER LEVEL 5 value=214 (0xd6) touch=1  raw=c20c03921000000000020200000000000000000000d6d8000000000000000000000101000000000000
   74.610  FADER 0x9253 FADER LEVEL 6 value=216 (0xd8) touch=1  raw=c20c03921000000000020200000000000000000000d6d8000000000000000000000101000000000000
   74.633  FADER 0x9243 FADER LEVEL 5 value=221 (0xdd) touch=1  raw=c20c03921000000000020200000000000000000000dde0000000000000000000000101000000000000
   74.633  FADER 0x9253 FADER LEVEL 6 value=224 (0xe0) touch=1  raw=c20c03921000000000020200000000000000000000dde0000000000000000000000101000000000000
   74.658  FADER 0x9243 FADER LEVEL 5 value=228 (0xe4) touch=1  raw=c20c03921000000000020200000000000000000000e4e7000000000000000000000101000000000000
   74.658  FADER 0x9253 FADER LEVEL 6 value=231 (0xe7) touch=1  raw=c20c03921000000000020200000000000000000000e4e7000000000000000000000101000000000000
   74.681  FADER 0x9243 FADER LEVEL 5 value=235 (0xeb) touch=1  raw=c20c03921000000000020200000000000000000000ebec000000000000000000000101000000000000
   74.681  FADER 0x9253 FADER LEVEL 6 value=236 (0xec) touch=1  raw=c20c03921000000000020200000000000000000000ebec000000000000000000000101000000000000
   74.707  FADER 0x9243 FADER LEVEL 5 value=243 (0xf3) touch=1  raw=c20c03921000000000020200000000000000000000f3f7000000000000000000000101000000000000
   74.707  FADER 0x9253 FADER LEVEL 6 value=247 (0xf7) touch=1  raw=c20c03921000000000020200000000000000000000f3f7000000000000000000000101000000000000
   74.731  FADER 0x9243 FADER LEVEL 5 value=252 (0xfc) touch=1  raw=c20c03921000000000020200000000000000000000fcff000000000000000000000101000000000000
   74.731  FADER 0x9253 FADER LEVEL 6 value=255 (0xff) touch=1  raw=c20c03921000000000020200000000000000000000fcff000000000000000000000101000000000000
   74.755  FADER 0x9243 FADER LEVEL 5 value=255 (0xff) touch=1  raw=c20c03921000000000020000000000000000000000ffff000000000000000000000101000000000000
   81.386  FADER 0x9253 FADER LEVEL 6 value=254 (0xfe) touch=1  raw=c20c03921000000000000200000000000000000000fffe000000000000000000000101000000000000
   81.410  FADER 0x9243 FADER LEVEL 5 value=244 (0xf4) touch=1  raw=c20c03921000000000020000000000000000000000f4fe000000000000000000000101000000000000
   81.436  FADER 0x9253 FADER LEVEL 6 value=245 (0xf5) touch=1  raw=c20c03921000000000000200000000000000000000f4f5000000000000000000000101000000000000
   81.459  FADER 0x9243 FADER LEVEL 5 value=236 (0xec) touch=1  raw=c20c03921000000000020000000000000000000000ecf5000000000000000000000101000000000000
   81.482  FADER 0x9243 FADER LEVEL 5 value=232 (0xe8) touch=1  raw=c20c03921000000000020200000000000000000000e8ec000000000000000000000101000000000000
   81.482  FADER 0x9253 FADER LEVEL 6 value=236 (0xec) touch=1  raw=c20c03921000000000020200000000000000000000e8ec000000000000000000000101000000000000
   81.506  FADER 0x9243 FADER LEVEL 5 value=228 (0xe4) touch=1  raw=c20c03921000000000020200000000000000000000e4e9000000000000000000000101000000000000
   81.506  FADER 0x9253 FADER LEVEL 6 value=233 (0xe9) touch=1  raw=c20c03921000000000020200000000000000000000e4e9000000000000000000000101000000000000
   81.554  FADER 0x9243 FADER LEVEL 5 value=216 (0xd8) touch=1  raw=c20c03921000000000020200000000000000000000d8dd000000000000000000000101000000000000
   81.554  FADER 0x9253 FADER LEVEL 6 value=221 (0xdd) touch=1  raw=c20c03921000000000020200000000000000000000d8dd000000000000000000000101000000000000
   81.610  FADER 0x9243 FADER LEVEL 5 value=196 (0xc4) touch=1  raw=c20c03921000000000020200000000000000000000c4cc000000000000000000000101000000000000
   81.610  FADER 0x9253 FADER LEVEL 6 value=204 (0xcc) touch=1  raw=c20c03921000000000020200000000000000000000c4cc000000000000000000000101000000000000
   81.659  FADER 0x9243 FADER LEVEL 5 value=179 (0xb3) touch=1  raw=c20c03921000000000020200000000000000000000b3bb000000000000000000000101000000000000
   81.659  FADER 0x9253 FADER LEVEL 6 value=187 (0xbb) touch=1  raw=c20c03921000000000020200000000000000000000b3bb000000000000000000000101000000000000
   81.706  FADER 0x9243 FADER LEVEL 5 value=162 (0xa2) touch=1  raw=c20c03921000000000020200000000000000000000a2aa000000000000000000000101000000000000
   81.706  FADER 0x9253 FADER LEVEL 6 value=170 (0xaa) touch=1  raw=c20c03921000000000020200000000000000000000a2aa000000000000000000000101000000000000
   81.754  FADER 0x9243 FADER LEVEL 5 value=149 (0x95) touch=1  raw=c20c03921000000000020200000000000000000000959c000000000000000000000101000000000000
   81.754  FADER 0x9253 FADER LEVEL 6 value=156 (0x9c) touch=1  raw=c20c03921000000000020200000000000000000000959c000000000000000000000101000000000000
   81.802  FADER 0x9243 FADER LEVEL 5 value=135 (0x87) touch=1  raw=c20c039210000000000202000000000000000000008790000000000000000000000101000000000000
   81.802  FADER 0x9253 FADER LEVEL 6 value=144 (0x90) touch=1  raw=c20c039210000000000202000000000000000000008790000000000000000000000101000000000000
   81.850  FADER 0x9243 FADER LEVEL 5 value=119 (0x77) touch=1  raw=c20c03921000000000020200000000000000000000777f000000000000000000000101000000000000
   81.850  FADER 0x9253 FADER LEVEL 6 value=127 (0x7f) touch=1  raw=c20c03921000000000020200000000000000000000777f000000000000000000000101000000000000
   81.898  FADER 0x9243 FADER LEVEL 5 value=102 (0x66) touch=1  raw=c20c03921000000000020200000000000000000000666d000000000000000000000101000000000000
   81.898  FADER 0x9253 FADER LEVEL 6 value=109 (0x6d) touch=1  raw=c20c03921000000000020200000000000000000000666d000000000000000000000101000000000000
   81.946  FADER 0x9243 FADER LEVEL 5 value=88 (0x58) touch=1  raw=c20c03921000000000020000000000000000000000586d000000000000000000000101000000000000
   81.955  FADER 0x9253 FADER LEVEL 6 value=94 (0x5e) touch=1  raw=c20c03921000000000000200000000000000000000585e000000000000000000000101000000000000
   82.002  FADER 0x9243 FADER LEVEL 5 value=75 (0x4b) touch=1  raw=c20c039210000000000202000000000000000000004b4e000000000000000000000101000000000000
   82.002  FADER 0x9253 FADER LEVEL 6 value=78 (0x4e) touch=1  raw=c20c039210000000000202000000000000000000004b4e000000000000000000000101000000000000
   82.050  FADER 0x9243 FADER LEVEL 5 value=63 (0x3f) touch=1  raw=c20c039210000000000202000000000000000000003f42000000000000000000000101000000000000
   82.050  FADER 0x9253 FADER LEVEL 6 value=66 (0x42) touch=1  raw=c20c039210000000000202000000000000000000003f42000000000000000000000101000000000000
   82.074  FADER 0x9243 FADER LEVEL 5 value=59 (0x3b) touch=1  raw=c20c039210000000000202000000000000000000003b3e000000000000000000000101000000000000
   82.074  FADER 0x9253 FADER LEVEL 6 value=62 (0x3e) touch=1  raw=c20c039210000000000202000000000000000000003b3e000000000000000000000101000000000000
   82.122  FADER 0x9243 FADER LEVEL 5 value=47 (0x2f) touch=1  raw=c20c039210000000000202000000000000000000002f31000000000000000000000101000000000000
   82.122  FADER 0x9253 FADER LEVEL 6 value=49 (0x31) touch=1  raw=c20c039210000000000202000000000000000000002f31000000000000000000000101000000000000
   82.170  FADER 0x9243 FADER LEVEL 5 value=31 (0x1f) touch=1  raw=c20c039210000000000202000000000000000000001f23000000000000000000000101000000000000
   82.170  FADER 0x9253 FADER LEVEL 6 value=35 (0x23) touch=1  raw=c20c039210000000000202000000000000000000001f23000000000000000000000101000000000000
   82.218  FADER 0x9243 FADER LEVEL 5 value=14 (0x0e) touch=1  raw=c20c039210000000000202000000000000000000000e11000000000000000000000101000000000000
   82.218  FADER 0x9253 FADER LEVEL 6 value=17 (0x11) touch=1  raw=c20c039210000000000202000000000000000000000e11000000000000000000000101000000000000
   82.265  FADER 0x9243 FADER LEVEL 5 value=0 (0x00) touch=1  raw=c20c039210000000000202000000000000000000000001000000000000000000000101000000000000
   82.265  FADER 0x9253 FADER LEVEL 6 value=1 (0x01) touch=1  raw=c20c039210000000000202000000000000000000000001000000000000000000000101000000000000
   82.290  FADER 0x9253 FADER LEVEL 6 value=0 (0x00) touch=1  raw=c20c039210000000000002000000000000000000000000000000000000000000000101000000000000
   82.882  FADER 0x9243 FADER LEVEL 5 value=0 (0x00) touch=0 (lift)  raw=c20c039210000000000202000000000000000000000000000000000000000000000000000000000000
   82.882  FADER 0x9253 FADER LEVEL 6 value=0 (0x00) touch=0 (lift)  raw=c20c039210000000000202000000000000000000000000000000000000000000000000000000000000
   87.786  PRESS 0x9805 FADER EXT PF 1 value=255 (0xff) touch=1  raw=c20c059810020000000000000000000000ff0000000000000000000000010000000000000000000000
   87.978  PRESS 0x9805 FADER EXT PF 1 value=0 (0x00) touch=0 (release)  raw=c20c059810020000000000000000000000000000000000000000000000000000000000000000000000
   96.938  PRESS 0x98B5 FADER EXT PF 12 value=205 (0xcd) touch=1  raw=c20c0598100000000000000000000000020000000000000000000000cd000000000000000000000001
   96.962  PRESS 0x98B5 FADER EXT PF 12 value=255 (0xff) touch=1  raw=c20c0598100000000000000000000000020000000000000000000000ff000000000000000000000001
   97.187  PRESS 0x98B5 FADER EXT PF 12 value=242 (0xf2) touch=1  raw=c20c0598100000000000000000000000020000000000000000000000f2000000000000000000000001
   97.210  PRESS 0x98B5 FADER EXT PF 12 value=72 (0x48) touch=1  raw=c20c059810000000000000000000000002000000000000000000000048000000000000000000000001
   97.234  PRESS 0x98B5 FADER EXT PF 12 value=0 (0x00) touch=0 (release)  raw=c20c059810000000000000000000000002000000000000000000000000000000000000000000000000
   99.090  PRESS 0x98C5 FADER EXT PF 13 value=255 (0xff) touch=1  raw=c20cc59810020000000000000000000000ff0000000000000000000000010000000000000000000000
   99.282  PRESS 0x98C5 FADER EXT PF 13 value=252 (0xfc) touch=1  raw=c20cc59810020000000000000000000000fc0000000000000000000000010000000000000000000000
   99.306  PRESS 0x98C5 FADER EXT PF 13 value=0 (0x00) touch=0 (release)  raw=c20cc59810020000000000000000000000000000000000000000000000000000000000000000000000
  100.714  PRESS 0x9975 FADER EXT PF 24 value=255 (0xff) touch=1  raw=c20cc598100000000000000000000000020000000000000000000000ff000000000000000000000001
  100.882  PRESS 0x9975 FADER EXT PF 24 value=254 (0xfe) touch=1  raw=c20cc598100000000000000000000000020000000000000000000000fe000000000000000000000001
  100.906  PRESS 0x9975 FADER EXT PF 24 value=0 (0x00) touch=0 (release)  raw=c20cc59810000000000000000000000002000000000000000000000000000000000000000000000000
--- 150.0 s: 228 events; reports by type: analog-bank=166 key=22; idle polls=18563 (123.8/s)
--- report interval: min 7.6 ms, max 10327.6 ms (between non-empty packets)
