M-Touch (no serial) (11be:f808) open; listening on EP 0x82 for 60 s ... (touch faders / press keys)
    0.014  FADER 0x6132 VALUE BASE CHANNEL 3 value=9 (0x09) touch=1  raw=020232610009010202226100030102023261000f0102022261000a01020232610014010202226100110102023261001a01
    0.014  FADER 0x6122 VALUE BASE CHANNEL 2 value=3 (0x03) touch=1  raw=020232610009010202226100030102023261000f0102022261000a01020232610014010202226100110102023261001a01
    0.014  FADER 0x6132 VALUE BASE CHANNEL 3 value=15 (0x0f) touch=1  raw=020232610009010202226100030102023261000f0102022261000a01020232610014010202226100110102023261001a01
    0.014  FADER 0x6122 VALUE BASE CHANNEL 2 value=10 (0x0a) touch=1  raw=020232610009010202226100030102023261000f0102022261000a01020232610014010202226100110102023261001a01
    0.014  FADER 0x6132 VALUE BASE CHANNEL 3 value=20 (0x14) touch=1  raw=020232610009010202226100030102023261000f0102022261000a01020232610014010202226100110102023261001a01
    0.014  FADER 0x6122 VALUE BASE CHANNEL 2 value=17 (0x11) touch=1  raw=020232610009010202226100030102023261000f0102022261000a01020232610014010202226100110102023261001a01
    0.014  FADER 0x6132 VALUE BASE CHANNEL 3 value=26 (0x1a) touch=1  raw=020232610009010202226100030102023261000f0102022261000a01020232610014010202226100110102023261001a01
    1.798  PRESS 0x5801 MF 1 value=255 (0xff) touch=1  raw=c20a01580102000000000000000000ff00000000000000000001000000000000000000
    1.805  PRESS 0x5801 MF 1 value=254 (0xfe) touch=1  raw=c20a01580102000000000000000000fe00000000000000000001000000000000000000
    1.853  PRESS 0x5801 MF 1 value=253 (0xfd) touch=1  raw=c20a01580102000000000000000000fd00000000000000000001000000000000000000
    1.862  PRESS 0x5801 MF 1 value=251 (0xfb) touch=1  raw=c20a01580102000000000000000000fb00000000000000000001000000000000000000
    1.878  PRESS 0x5801 MF 1 value=245 (0xf5) touch=1  raw=c20a01580102000000000000000000f500000000000000000001000000000000000000
    1.894  PRESS 0x5801 MF 1 value=228 (0xe4) touch=1  raw=c20a01580102000000000000000000e400000000000000000001000000000000000000
    1.902  PRESS 0x5801 MF 1 value=186 (0xba) touch=1  raw=c20a01580102000000000000000000ba00000000000000000001000000000000000000
    1.918  PRESS 0x5801 MF 1 value=67 (0x43) touch=1  raw=c20a015801020000000000000000004300000000000000000001000000000000000000
    1.933  PRESS 0x5801 MF 1 value=0 (0x00) touch=0 (release)  raw=c20a015801020000000000000000000000000000000000000000000000000000000000
    3.182  PRESS 0x5806 MF 6 value=255 (0xff) touch=1  raw=c20a015801000000000002000000000000000000ff0000000000000000000100000000
    3.222  PRESS 0x5806 MF 6 value=254 (0xfe) touch=1  raw=c20a015801000000000002000000000000000000fe0000000000000000000100000000
    3.262  PRESS 0x5806 MF 6 value=234 (0xea) touch=1  raw=c20a015801000000000002000000000000000000ea0000000000000000000100000000
    3.278  PRESS 0x5806 MF 6 value=204 (0xcc) touch=1  raw=c20a015801000000000002000000000000000000cc0000000000000000000100000000
    3.293  PRESS 0x5806 MF 6 value=149 (0x95) touch=1  raw=c20a015801000000000002000000000000000000950000000000000000000100000000
    3.310  PRESS 0x5806 MF 6 value=0 (0x00) touch=1  raw=c20a015801000000000002000000000000000000000000000000000000000100000000
    3.318  PRESS 0x5806 MF 6 value=0 (0x00) touch=0 (release)  raw=c20a015801000000000002000000000000000000000000000000000000000000000000
   11.773  FADER 0x4213 LEVEL PLAYBACK 2 value=0 (0x00) touch=1  raw=c20a034210000200000000000000000000000000000000000000010000000000000000
   11.920  FADER 0x4223 LEVEL PLAYBACK 3 value=0 (0x00) touch=1  raw=c20a034210000002000000000000000000000000000000000000010100000000000000
   12.022  FADER 0x4223 LEVEL PLAYBACK 3 value=4 (0x04) touch=1  raw=c20a034210000002000000000000000000040000000000000000010100000000000000
   12.037  FADER 0x4223 LEVEL PLAYBACK 3 value=10 (0x0a) touch=1  raw=c20a0342100000020000000000000000000a0000000000000000010100000000000000
   12.054  FADER 0x4213 LEVEL PLAYBACK 2 value=3 (0x03) touch=1  raw=c20a034210000202000000000000000003100000000000000000010100000000000000
   12.054  FADER 0x4223 LEVEL PLAYBACK 3 value=16 (0x10) touch=1  raw=c20a034210000202000000000000000003100000000000000000010100000000000000
   12.070  FADER 0x4213 LEVEL PLAYBACK 2 value=12 (0x0c) touch=1  raw=c20a03421000020200000000000000000c180000000000000000010100000000000000
   12.070  FADER 0x4223 LEVEL PLAYBACK 3 value=24 (0x18) touch=1  raw=c20a03421000020200000000000000000c180000000000000000010100000000000000
   12.078  FADER 0x4213 LEVEL PLAYBACK 2 value=22 (0x16) touch=1  raw=c20a0342100002020000000000000000161f0000000000000000010100000000000000
   12.078  FADER 0x4223 LEVEL PLAYBACK 3 value=31 (0x1f) touch=1  raw=c20a0342100002020000000000000000161f0000000000000000010100000000000000
   12.094  FADER 0x4213 LEVEL PLAYBACK 2 value=33 (0x21) touch=1  raw=c20a034210000202000000000000000021280000000000000000010100000000000000
   12.094  FADER 0x4223 LEVEL PLAYBACK 3 value=40 (0x28) touch=1  raw=c20a034210000202000000000000000021280000000000000000010100000000000000
   12.110  FADER 0x4213 LEVEL PLAYBACK 2 value=40 (0x28) touch=1  raw=c20a034210000202000000000000000028320000000000000000010100000000000000
   12.110  FADER 0x4223 LEVEL PLAYBACK 3 value=50 (0x32) touch=1  raw=c20a034210000202000000000000000028320000000000000000010100000000000000
   12.125  FADER 0x4213 LEVEL PLAYBACK 2 value=50 (0x32) touch=1  raw=c20a0342100002020000000000000000323a0000000000000000010100000000000000
   12.125  FADER 0x4223 LEVEL PLAYBACK 3 value=58 (0x3a) touch=1  raw=c20a0342100002020000000000000000323a0000000000000000010100000000000000
   12.134  FADER 0x4213 LEVEL PLAYBACK 2 value=58 (0x3a) touch=1  raw=c20a03421000020200000000000000003a400000000000000000010100000000000000
   12.134  FADER 0x4223 LEVEL PLAYBACK 3 value=64 (0x40) touch=1  raw=c20a03421000020200000000000000003a400000000000000000010100000000000000
   12.150  FADER 0x4213 LEVEL PLAYBACK 2 value=66 (0x42) touch=1  raw=c20a034210000202000000000000000042470000000000000000010100000000000000
   12.150  FADER 0x4223 LEVEL PLAYBACK 3 value=71 (0x47) touch=1  raw=c20a034210000202000000000000000042470000000000000000010100000000000000
   12.165  FADER 0x4213 LEVEL PLAYBACK 2 value=73 (0x49) touch=1  raw=c20a0342100002020000000000000000494d0000000000000000010100000000000000
   12.165  FADER 0x4223 LEVEL PLAYBACK 3 value=77 (0x4d) touch=1  raw=c20a0342100002020000000000000000494d0000000000000000010100000000000000
   12.174  FADER 0x4213 LEVEL PLAYBACK 2 value=81 (0x51) touch=1  raw=c20a0342100002000000000000000000514d0000000000000000010100000000000000
   12.182  FADER 0x4223 LEVEL PLAYBACK 3 value=87 (0x57) touch=1  raw=c20a034210000002000000000000000051570000000000000000010100000000000000
   12.190  FADER 0x4213 LEVEL PLAYBACK 2 value=89 (0x59) touch=1  raw=c20a034210000202000000000000000059650000000000000000010100000000000000
   12.190  FADER 0x4223 LEVEL PLAYBACK 3 value=101 (0x65) touch=1  raw=c20a034210000202000000000000000059650000000000000000010100000000000000
   12.205  FADER 0x4213 LEVEL PLAYBACK 2 value=97 (0x61) touch=1  raw=c20a0342100002020000000000000000616a0000000000000000010100000000000000
   12.205  FADER 0x4223 LEVEL PLAYBACK 3 value=106 (0x6a) touch=1  raw=c20a0342100002020000000000000000616a0000000000000000010100000000000000
   12.222  FADER 0x4213 LEVEL PLAYBACK 2 value=105 (0x69) touch=1  raw=c20a034210000202000000000000000069700000000000000000010100000000000000
   12.222  FADER 0x4223 LEVEL PLAYBACK 3 value=112 (0x70) touch=1  raw=c20a034210000202000000000000000069700000000000000000010100000000000000
   12.229  FADER 0x4213 LEVEL PLAYBACK 2 value=112 (0x70) touch=1  raw=c20a034210000200000000000000000070700000000000000000010100000000000000
   12.237  FADER 0x4223 LEVEL PLAYBACK 3 value=118 (0x76) touch=1  raw=c20a034210000002000000000000000070760000000000000000010100000000000000
   12.246  FADER 0x4213 LEVEL PLAYBACK 2 value=117 (0x75) touch=1  raw=c20a0342100002020000000000000000757c0000000000000000010100000000000000
   12.246  FADER 0x4223 LEVEL PLAYBACK 3 value=124 (0x7c) touch=1  raw=c20a0342100002020000000000000000757c0000000000000000010100000000000000
   12.262  FADER 0x4213 LEVEL PLAYBACK 2 value=123 (0x7b) touch=1  raw=c20a03421000020200000000000000007b800000000000000000010100000000000000
   12.262  FADER 0x4223 LEVEL PLAYBACK 3 value=128 (0x80) touch=1  raw=c20a03421000020200000000000000007b800000000000000000010100000000000000
   12.278  FADER 0x4213 LEVEL PLAYBACK 2 value=128 (0x80) touch=1  raw=c20a034210000202000000000000000080850000000000000000010100000000000000
   12.278  FADER 0x4223 LEVEL PLAYBACK 3 value=133 (0x85) touch=1  raw=c20a034210000202000000000000000080850000000000000000010100000000000000
   12.286  FADER 0x4213 LEVEL PLAYBACK 2 value=133 (0x85) touch=1  raw=c20a0342100002020000000000000000858b0000000000000000010100000000000000
   12.286  FADER 0x4223 LEVEL PLAYBACK 3 value=139 (0x8b) touch=1  raw=c20a0342100002020000000000000000858b0000000000000000010100000000000000
   12.301  FADER 0x4213 LEVEL PLAYBACK 2 value=138 (0x8a) touch=1  raw=c20a03421000020200000000000000008a920000000000000000010100000000000000
   12.301  FADER 0x4223 LEVEL PLAYBACK 3 value=146 (0x92) touch=1  raw=c20a03421000020200000000000000008a920000000000000000010100000000000000
   12.317  FADER 0x4213 LEVEL PLAYBACK 2 value=144 (0x90) touch=1  raw=c20a034210000202000000000000000090970000000000000000010100000000000000
   12.317  FADER 0x4223 LEVEL PLAYBACK 3 value=151 (0x97) touch=1  raw=c20a034210000202000000000000000090970000000000000000010100000000000000
   12.334  FADER 0x4213 LEVEL PLAYBACK 2 value=150 (0x96) touch=1  raw=c20a0342100002020000000000000000969c0000000000000000010100000000000000
   12.334  FADER 0x4223 LEVEL PLAYBACK 3 value=156 (0x9c) touch=1  raw=c20a0342100002020000000000000000969c0000000000000000010100000000000000
   12.341  FADER 0x4213 LEVEL PLAYBACK 2 value=155 (0x9b) touch=1  raw=c20a03421000020200000000000000009ba10000000000000000010100000000000000
   12.341  FADER 0x4223 LEVEL PLAYBACK 3 value=161 (0xa1) touch=1  raw=c20a03421000020200000000000000009ba10000000000000000010100000000000000
   12.358  FADER 0x4213 LEVEL PLAYBACK 2 value=161 (0xa1) touch=1  raw=c20a0342100002020000000000000000a1a70000000000000000010100000000000000
   12.358  FADER 0x4223 LEVEL PLAYBACK 3 value=167 (0xa7) touch=1  raw=c20a0342100002020000000000000000a1a70000000000000000010100000000000000
   12.373  FADER 0x4213 LEVEL PLAYBACK 2 value=166 (0xa6) touch=1  raw=c20a0342100002020000000000000000a6ab0000000000000000010100000000000000
   12.373  FADER 0x4223 LEVEL PLAYBACK 3 value=171 (0xab) touch=1  raw=c20a0342100002020000000000000000a6ab0000000000000000010100000000000000
   12.390  FADER 0x4213 LEVEL PLAYBACK 2 value=170 (0xaa) touch=1  raw=c20a0342100002020000000000000000aab00000000000000000010100000000000000
   12.390  FADER 0x4223 LEVEL PLAYBACK 3 value=176 (0xb0) touch=1  raw=c20a0342100002020000000000000000aab00000000000000000010100000000000000
   12.397  FADER 0x4213 LEVEL PLAYBACK 2 value=175 (0xaf) touch=1  raw=c20a0342100002020000000000000000afb50000000000000000010100000000000000
   12.397  FADER 0x4223 LEVEL PLAYBACK 3 value=181 (0xb5) touch=1  raw=c20a0342100002020000000000000000afb50000000000000000010100000000000000
   12.414  FADER 0x4213 LEVEL PLAYBACK 2 value=180 (0xb4) touch=1  raw=c20a0342100002020000000000000000b4b90000000000000000010100000000000000
   12.414  FADER 0x4223 LEVEL PLAYBACK 3 value=185 (0xb9) touch=1  raw=c20a0342100002020000000000000000b4b90000000000000000010100000000000000
   12.430  FADER 0x4213 LEVEL PLAYBACK 2 value=185 (0xb9) touch=1  raw=c20a0342100002020000000000000000b9be0000000000000000010100000000000000
   12.430  FADER 0x4223 LEVEL PLAYBACK 3 value=190 (0xbe) touch=1  raw=c20a0342100002020000000000000000b9be0000000000000000010100000000000000
   12.438  FADER 0x4213 LEVEL PLAYBACK 2 value=191 (0xbf) touch=1  raw=c20a0342100002000000000000000000bfbe0000000000000000010100000000000000
   12.445  FADER 0x4223 LEVEL PLAYBACK 3 value=196 (0xc4) touch=1  raw=c20a0342100000020000000000000000bfc40000000000000000010100000000000000
   12.454  FADER 0x4213 LEVEL PLAYBACK 2 value=199 (0xc7) touch=1  raw=c20a0342100002020000000000000000c7cc0000000000000000010100000000000000
   12.454  FADER 0x4223 LEVEL PLAYBACK 3 value=204 (0xcc) touch=1  raw=c20a0342100002020000000000000000c7cc0000000000000000010100000000000000
   12.469  FADER 0x4213 LEVEL PLAYBACK 2 value=206 (0xce) touch=1  raw=c20a0342100002020000000000000000ced10000000000000000010100000000000000
   12.469  FADER 0x4223 LEVEL PLAYBACK 3 value=209 (0xd1) touch=1  raw=c20a0342100002020000000000000000ced10000000000000000010100000000000000
   12.486  FADER 0x4213 LEVEL PLAYBACK 2 value=211 (0xd3) touch=1  raw=c20a0342100002020000000000000000d3d70000000000000000010100000000000000
   12.486  FADER 0x4223 LEVEL PLAYBACK 3 value=215 (0xd7) touch=1  raw=c20a0342100002020000000000000000d3d70000000000000000010100000000000000
   12.493  FADER 0x4213 LEVEL PLAYBACK 2 value=216 (0xd8) touch=1  raw=c20a0342100002000000000000000000d8d70000000000000000010100000000000000
   12.501  FADER 0x4223 LEVEL PLAYBACK 3 value=217 (0xd9) touch=1  raw=c20a0342100000020000000000000000d8d90000000000000000010100000000000000
   12.510  FADER 0x4213 LEVEL PLAYBACK 2 value=219 (0xdb) touch=1  raw=c20a0342100002020000000000000000dbdd0000000000000000010100000000000000
   12.510  FADER 0x4223 LEVEL PLAYBACK 3 value=221 (0xdd) touch=1  raw=c20a0342100002020000000000000000dbdd0000000000000000010100000000000000
   12.525  FADER 0x4213 LEVEL PLAYBACK 2 value=222 (0xde) touch=1  raw=c20a0342100002020000000000000000dee00000000000000000010100000000000000
   12.525  FADER 0x4223 LEVEL PLAYBACK 3 value=224 (0xe0) touch=1  raw=c20a0342100002020000000000000000dee00000000000000000010100000000000000
   12.542  FADER 0x4213 LEVEL PLAYBACK 2 value=225 (0xe1) touch=1  raw=c20a0342100002020000000000000000e1e30000000000000000010100000000000000
   12.542  FADER 0x4223 LEVEL PLAYBACK 3 value=227 (0xe3) touch=1  raw=c20a0342100002020000000000000000e1e30000000000000000010100000000000000
   12.550  FADER 0x4213 LEVEL PLAYBACK 2 value=229 (0xe5) touch=1  raw=c20a0342100002000000000000000000e5e30000000000000000010100000000000000
   12.558  FADER 0x4223 LEVEL PLAYBACK 3 value=231 (0xe7) touch=1  raw=c20a0342100000020000000000000000e5e70000000000000000010100000000000000
   12.566  FADER 0x4213 LEVEL PLAYBACK 2 value=233 (0xe9) touch=1  raw=c20a0342100002020000000000000000e9eb0000000000000000010100000000000000
   12.566  FADER 0x4223 LEVEL PLAYBACK 3 value=235 (0xeb) touch=1  raw=c20a0342100002020000000000000000e9eb0000000000000000010100000000000000
   12.584  FADER 0x4213 LEVEL PLAYBACK 2 value=238 (0xee) touch=1  raw=c20a0342100002020000000000000000eef00000000000000000010100000000000000
   12.584  FADER 0x4223 LEVEL PLAYBACK 3 value=240 (0xf0) touch=1  raw=c20a0342100002020000000000000000eef00000000000000000010100000000000000
   12.598  FADER 0x4213 LEVEL PLAYBACK 2 value=243 (0xf3) touch=1  raw=c20a0342100002020000000000000000f3f50000000000000000010100000000000000
   12.598  FADER 0x4223 LEVEL PLAYBACK 3 value=245 (0xf5) touch=1  raw=c20a0342100002020000000000000000f3f50000000000000000010100000000000000
   12.605  FADER 0x4213 LEVEL PLAYBACK 2 value=249 (0xf9) touch=1  raw=c20a0342100002020000000000000000f9fb0000000000000000010100000000000000
   12.605  FADER 0x4223 LEVEL PLAYBACK 3 value=251 (0xfb) touch=1  raw=c20a0342100002020000000000000000f9fb0000000000000000010100000000000000
   12.622  FADER 0x4213 LEVEL PLAYBACK 2 value=255 (0xff) touch=1  raw=c20a0342100002020000000000000000ffff0000000000000000010100000000000000
   12.622  FADER 0x4223 LEVEL PLAYBACK 3 value=255 (0xff) touch=1  raw=c20a0342100002020000000000000000ffff0000000000000000010100000000000000
   13.718  FADER 0x4213 LEVEL PLAYBACK 2 value=254 (0xfe) touch=1  raw=c20a0342100002000000000000000000feff0000000000000000010100000000000000
   13.741  FADER 0x4213 LEVEL PLAYBACK 2 value=235 (0xeb) touch=1  raw=c20a0342100002020000000000000000ebf00000000000000000010100000000000000
   13.741  FADER 0x4223 LEVEL PLAYBACK 3 value=240 (0xf0) touch=1  raw=c20a0342100002020000000000000000ebf00000000000000000010100000000000000
   13.773  FADER 0x4213 LEVEL PLAYBACK 2 value=217 (0xd9) touch=1  raw=c20a0342100002020000000000000000d9e00000000000000000010100000000000000
   13.773  FADER 0x4223 LEVEL PLAYBACK 3 value=224 (0xe0) touch=1  raw=c20a0342100002020000000000000000d9e00000000000000000010100000000000000
   13.798  FADER 0x4213 LEVEL PLAYBACK 2 value=199 (0xc7) touch=1  raw=c20a0342100002020000000000000000c7d30000000000000000010100000000000000
   13.798  FADER 0x4223 LEVEL PLAYBACK 3 value=211 (0xd3) touch=1  raw=c20a0342100002020000000000000000c7d30000000000000000010100000000000000
   13.830  FADER 0x4213 LEVEL PLAYBACK 2 value=182 (0xb6) touch=1  raw=c20a0342100002020000000000000000b6c10000000000000000010100000000000000
   13.830  FADER 0x4223 LEVEL PLAYBACK 3 value=193 (0xc1) touch=1  raw=c20a0342100002020000000000000000b6c10000000000000000010100000000000000
   13.854  FADER 0x4213 LEVEL PLAYBACK 2 value=168 (0xa8) touch=1  raw=c20a0342100002020000000000000000a8b30000000000000000010100000000000000
   13.854  FADER 0x4223 LEVEL PLAYBACK 3 value=179 (0xb3) touch=1  raw=c20a0342100002020000000000000000a8b30000000000000000010100000000000000
   13.885  FADER 0x4213 LEVEL PLAYBACK 2 value=154 (0x9a) touch=1  raw=c20a03421000020200000000000000009aa60000000000000000010100000000000000
   13.885  FADER 0x4223 LEVEL PLAYBACK 3 value=166 (0xa6) touch=1  raw=c20a03421000020200000000000000009aa60000000000000000010100000000000000
   13.910  FADER 0x4213 LEVEL PLAYBACK 2 value=143 (0x8f) touch=1  raw=c20a03421000020200000000000000008f980000000000000000010100000000000000
   13.910  FADER 0x4223 LEVEL PLAYBACK 3 value=152 (0x98) touch=1  raw=c20a03421000020200000000000000008f980000000000000000010100000000000000
   13.941  FADER 0x4213 LEVEL PLAYBACK 2 value=132 (0x84) touch=1  raw=c20a0342100002020000000000000000848f0000000000000000010100000000000000
   13.941  FADER 0x4223 LEVEL PLAYBACK 3 value=143 (0x8f) touch=1  raw=c20a0342100002020000000000000000848f0000000000000000010100000000000000
   13.965  FADER 0x4213 LEVEL PLAYBACK 2 value=119 (0x77) touch=1  raw=c20a034210000202000000000000000077810000000000000000010100000000000000
   13.965  FADER 0x4223 LEVEL PLAYBACK 3 value=129 (0x81) touch=1  raw=c20a034210000202000000000000000077810000000000000000010100000000000000
   13.997  FADER 0x4213 LEVEL PLAYBACK 2 value=106 (0x6a) touch=1  raw=c20a03421000020200000000000000006a740000000000000000010100000000000000
   13.997  FADER 0x4223 LEVEL PLAYBACK 3 value=116 (0x74) touch=1  raw=c20a03421000020200000000000000006a740000000000000000010100000000000000
   14.021  FADER 0x4213 LEVEL PLAYBACK 2 value=91 (0x5b) touch=1  raw=c20a03421000020200000000000000005b670000000000000000010100000000000000
   14.021  FADER 0x4223 LEVEL PLAYBACK 3 value=103 (0x67) touch=1  raw=c20a03421000020200000000000000005b670000000000000000010100000000000000
   14.054  FADER 0x4213 LEVEL PLAYBACK 2 value=78 (0x4e) touch=1  raw=c20a03421000020200000000000000004e4b0000000000000000010100000000000000
   14.054  FADER 0x4223 LEVEL PLAYBACK 3 value=75 (0x4b) touch=1  raw=c20a03421000020200000000000000004e4b0000000000000000010100000000000000
   14.078  FADER 0x4213 LEVEL PLAYBACK 2 value=61 (0x3d) touch=1  raw=c20a03421000020000000000000000003d4b0000000000000000010100000000000000
   14.093  FADER 0x4223 LEVEL PLAYBACK 3 value=74 (0x4a) touch=1  raw=c20a03421000000200000000000000003d4a0000000000000000010100000000000000
   14.110  FADER 0x4213 LEVEL PLAYBACK 2 value=47 (0x2f) touch=1  raw=c20a03421000020000000000000000002f4a0000000000000000010100000000000000
   14.118  FADER 0x4223 LEVEL PLAYBACK 3 value=61 (0x3d) touch=1  raw=c20a03421000000200000000000000002f3d0000000000000000010100000000000000
   14.133  FADER 0x4213 LEVEL PLAYBACK 2 value=34 (0x22) touch=1  raw=c20a0342100002000000000000000000223d0000000000000000010100000000000000
   14.150  FADER 0x4223 LEVEL PLAYBACK 3 value=50 (0x32) touch=1  raw=c20a034210000002000000000000000022320000000000000000010100000000000000
   14.166  FADER 0x4213 LEVEL PLAYBACK 2 value=21 (0x15) touch=1  raw=c20a034210000200000000000000000015320000000000000000010100000000000000
   14.174  FADER 0x4223 LEVEL PLAYBACK 3 value=40 (0x28) touch=1  raw=c20a034210000002000000000000000015280000000000000000010100000000000000
   14.189  FADER 0x4213 LEVEL PLAYBACK 2 value=9 (0x09) touch=1  raw=c20a034210000200000000000000000009280000000000000000010100000000000000
   14.206  FADER 0x4223 LEVEL PLAYBACK 3 value=25 (0x19) touch=1  raw=c20a034210000002000000000000000009190000000000000000010100000000000000
   14.222  FADER 0x4213 LEVEL PLAYBACK 2 value=0 (0x00) touch=1  raw=c20a034210000200000000000000000000190000000000000000010100000000000000
   14.230  FADER 0x4223 LEVEL PLAYBACK 3 value=7 (0x07) touch=1  raw=c20a034210000002000000000000000000070000000000000000010100000000000000
   14.262  FADER 0x4223 LEVEL PLAYBACK 3 value=0 (0x00) touch=1  raw=c20a034210000002000000000000000000000000000000000000010100000000000000
   14.701  FADER 0x4223 LEVEL PLAYBACK 3 value=0 (0x00) touch=0 (lift)  raw=c20a034210000002000000000000000000000000000000000000010000000000000000
   14.718  FADER 0x4213 LEVEL PLAYBACK 2 value=0 (0x00) touch=0 (lift)  raw=c20a034210000200000000000000000000000000000000000000000000000000000000
   17.127  PRESS 0x5801 MF 1 value=86 (0x56) touch=1  raw=c20a015801020000000000000000005600000000000000000001000000000000000000
   17.142  PRESS 0x5801 MF 1 value=164 (0xa4) touch=1  raw=c20a01580102000000000000000000a400000000000000000001000000000000000000
   17.150  PRESS 0x5801 MF 1 value=208 (0xd0) touch=1  raw=c20a01580102000000000000000000d000000000000000000001000000000000000000
   17.166  PRESS 0x5801 MF 1 value=228 (0xe4) touch=1  raw=c20a01580102000000000000000000e400000000000000000001000000000000000000
   17.181  PRESS 0x5801 MF 1 value=249 (0xf9) touch=1  raw=c20a01580102000000000000000000f900000000000000000001000000000000000000
   17.190  PRESS 0x5801 MF 1 value=254 (0xfe) touch=1  raw=c20a01580102000000000000000000fe00000000000000000001000000000000000000
   17.222  PRESS 0x5801 MF 1 value=255 (0xff) touch=1  raw=c20a01580102000000000000000000ff00000000000000000001000000000000000000
   17.342  PRESS 0x5801 MF 1 value=231 (0xe7) touch=1  raw=c20a01580102000000000000000000e700000000000000000001000000000000000000
   17.359  PRESS 0x5801 MF 1 value=176 (0xb0) touch=1  raw=c20a01580102000000000000000000b000000000000000000001000000000000000000
   17.374  PRESS 0x5801 MF 1 value=26 (0x1a) touch=1  raw=c20a015801020000000000000000001a00000000000000000001000000000000000000
   17.390  PRESS 0x5801 MF 1 value=0 (0x00) touch=0 (release)  raw=c20a015801020000000000000000000000000000000000000000000000000000000000
   20.669  PRESS 0x5806 MF 6 value=134 (0x86) touch=1  raw=c20a015801000000000002000000000000000000860000000000000000000100000000
   20.686  PRESS 0x5806 MF 6 value=204 (0xcc) touch=1  raw=c20a015801000000000002000000000000000000cc0000000000000000000100000000
   20.701  PRESS 0x5806 MF 6 value=254 (0xfe) touch=1  raw=c20a015801000000000002000000000000000000fe0000000000000000000100000000
   20.718  PRESS 0x5806 MF 6 value=255 (0xff) touch=1  raw=c20a015801000000000002000000000000000000ff0000000000000000000100000000
   20.870  PRESS 0x5806 MF 6 value=206 (0xce) touch=1  raw=c20a015801000000000002000000000000000000ce0000000000000000000100000000
   20.878  PRESS 0x5806 MF 6 value=73 (0x49) touch=1  raw=c20a015801000000000002000000000000000000490000000000000000000100000000
   20.893  PRESS 0x5806 MF 6 value=0 (0x00) touch=0 (release)  raw=c20a015801000000000002000000000000000000000000000000000000000000000000
--- 60.0 s: 169 events; reports by type: analog-bank=113 fader=7; idle polls=7386 (123.1/s)
--- report interval: min 7.4 ms, max 8455.7 ms (between non-empty packets)
