M-Touch (no serial) (11be:f808) open; listening on EP 0x82 for 120 s ... (touch faders / press keys)
   19.506  KEY   0x5101 COMMAND EDIT state=1 (press)  raw=0102015101
   19.666  KEY   0x5101 COMMAND EDIT state=0 (release)  raw=0102015100
   21.090  KEY   0x5103 COMMAND CLEAR state=1 (press)  raw=0102035101
   21.281  KEY   0x5103 COMMAND CLEAR state=0 (release)  raw=0102035100
   22.130  KEY   0x5401 COMMAND RECORD state=1 (press)  raw=0102015401
   22.306  KEY   0x5401 COMMAND RECORD state=0 (release)  raw=0102015400
   27.546  KEY   0x5402 COMMAND UPDATE state=1 (press)  raw=0102025401
   27.705  KEY   0x5402 COMMAND UPDATE state=0 (release)  raw=0102025400
   29.842  KEY   0x5411 COMMAND LOAD state=1 (press)  raw=0102115401
   30.073  KEY   0x5411 COMMAND LOAD state=0 (release)  raw=0102115400
   38.017  KEY   0x5502 SELECT state=1 (press)  raw=0102025501
   38.290  KEY   0x5502 SELECT state=0 (release)  raw=0102025500
   41.019  KEY   0x5503 RELEASE (Rel) state=1 (press)  raw=0102035501
   41.355  KEY   0x5503 RELEASE (Rel) state=0 (release)  raw=0102035500
   43.457  KEY   0x5504 BEAT state=1 (press)  raw=0102045501
   43.818  KEY   0x5504 BEAT state=0 (release)  raw=0102045500
   45.546  KEY   0x5511 SNAP state=1 (press)  raw=0102115501
   45.858  KEY   0x5511 SNAP state=0 (release)  raw=0102115500
   50.650  KEY   0x5512 Pause (||/Back) state=1 (press)  raw=0102125501
   50.993  KEY   0x5512 Pause (||/Back) state=0 (release)  raw=0102125500
   55.521  KEY   0x5513 Next (Go) state=1 (press)  raw=0102135501
   55.850  KEY   0x5513 Next (Go) state=0 (release)  raw=0102135500
   59.163  KEY   0x6001 HIGHLIGHT state=1 (press)  raw=0102016001
   59.450  KEY   0x6001 HIGHLIGHT state=0 (release)  raw=0102016000
   61.425  KEY   0x6401 BROWSE PREVIOUS (Last) state=1 (press)  raw=0102016401
   61.762  KEY   0x6401 BROWSE PREVIOUS (Last) state=0 (release)  raw=0102016400
   63.186  KEY   0x6402 BROWSE NEXT state=1 (press)  raw=0102026401
   63.482  KEY   0x6402 BROWSE NEXT state=0 (release)  raw=0102026400
   66.258  KEY   0x4111 PLAYBACK BANK Up (+) state=1 (press)  raw=0102114101
   66.562  KEY   0x4111 PLAYBACK BANK Up (+) state=0 (release)  raw=0102114100
   67.395  KEY   0x4113 PLAYBACK BANK Down (-) state=1 (press)  raw=0102134101
   67.690  KEY   0x4113 PLAYBACK BANK Down (-) state=0 (release)  raw=0102134100
   72.650  KEY   0x6107 BASE CHANNEL GROUP Mode (Play/Base/F-Key/FX) state=1 (press)  raw=0102076101
   72.962  KEY   0x6107 BASE CHANNEL GROUP Mode (Play/Base/F-Key/FX) state=0 (release)  raw=0102076100
   79.466  KEY   0x4201 PLAYBACK PFA 1 state=1 (press)  raw=c10a0142100200000000000000000001000000000000000000
   79.770  KEY   0x4201 PLAYBACK PFA 1 state=0 (release)  raw=c10a0142100200000000000000000000000000000000000000
   81.259  KEY   0x4202 PLAYBACK PFB 1 state=1 (press)  raw=c10a0242100200000000000000000001000000000000000000
   81.586  KEY   0x4202 PLAYBACK PFB 1 state=0 (release)  raw=c10a0242100200000000000000000000000000000000000000
   84.706  PRESS 0x4205 PLAYBACK PFD 1 value=255 (0xff) touch=1  raw=c20a05421002000000000000000000ff00000000000000000001000000000000000000
   84.850  PRESS 0x4205 PLAYBACK PFD 1 value=254 (0xfe) touch=1  raw=c20a05421002000000000000000000fe00000000000000000001000000000000000000
   84.859  PRESS 0x4205 PLAYBACK PFD 1 value=244 (0xf4) touch=1  raw=c20a05421002000000000000000000f400000000000000000001000000000000000000
   84.874  PRESS 0x4205 PLAYBACK PFD 1 value=204 (0xcc) touch=1  raw=c20a05421002000000000000000000cc00000000000000000001000000000000000000
   84.890  PRESS 0x4205 PLAYBACK PFD 1 value=38 (0x26) touch=1  raw=c20a054210020000000000000000002600000000000000000001000000000000000000
   84.906  PRESS 0x4205 PLAYBACK PFD 1 value=0 (0x00) touch=0 (release)  raw=c20a054210020000000000000000000000000000000000000000000000000000000000
   88.306  PRESS 0x4205 PLAYBACK PFD 1 value=255 (0xff) touch=1  raw=c20a05421002000000000000000000ff00000000000000000001000000000000000000
   88.490  PRESS 0x4205 PLAYBACK PFD 1 value=254 (0xfe) touch=1  raw=c20a05421002000000000000000000fe00000000000000000001000000000000000000
   88.507  PRESS 0x4205 PLAYBACK PFD 1 value=197 (0xc5) touch=1  raw=c20a05421002000000000000000000c500000000000000000001000000000000000000
   88.514  PRESS 0x4205 PLAYBACK PFD 1 value=0 (0x00) touch=0 (release)  raw=c20a054210020000000000000000000000000000000000000000000000000000000000
   91.394  FADER 0x4203 LEVEL PLAYBACK 1 value=0 (0x00) touch=1  raw=c20a034210020000000000000000000000000000000000000001000000000000000000
   91.586  FADER 0x4203 LEVEL PLAYBACK 1 value=14 (0x0e) touch=1  raw=c20a034210020000000000000000000e00000000000000000001000000000000000000
   91.603  FADER 0x4203 LEVEL PLAYBACK 1 value=27 (0x1b) touch=1  raw=c20a034210020000000000000000001b00000000000000000001000000000000000000
   91.618  FADER 0x4203 LEVEL PLAYBACK 1 value=40 (0x28) touch=1  raw=c20a034210020000000000000000002800000000000000000001000000000000000000
   91.635  FADER 0x4203 LEVEL PLAYBACK 1 value=51 (0x33) touch=1  raw=c20a034210020000000000000000003300000000000000000001000000000000000000
   91.642  FADER 0x4203 LEVEL PLAYBACK 1 value=62 (0x3e) touch=1  raw=c20a034210020000000000000000003e00000000000000000001000000000000000000
   91.658  FADER 0x4203 LEVEL PLAYBACK 1 value=71 (0x47) touch=1  raw=c20a034210020000000000000000004700000000000000000001000000000000000000
   91.675  FADER 0x4203 LEVEL PLAYBACK 1 value=81 (0x51) touch=1  raw=c20a034210020000000000000000005100000000000000000001000000000000000000
   91.690  FADER 0x4203 LEVEL PLAYBACK 1 value=93 (0x5d) touch=1  raw=c20a034210020000000000000000005d00000000000000000001000000000000000000
   91.698  FADER 0x4203 LEVEL PLAYBACK 1 value=106 (0x6a) touch=1  raw=c20a034210020000000000000000006a00000000000000000001000000000000000000
   91.714  FADER 0x4203 LEVEL PLAYBACK 1 value=121 (0x79) touch=1  raw=c20a034210020000000000000000007900000000000000000001000000000000000000
   91.730  FADER 0x4203 LEVEL PLAYBACK 1 value=135 (0x87) touch=1  raw=c20a034210020000000000000000008700000000000000000001000000000000000000
   91.738  FADER 0x4203 LEVEL PLAYBACK 1 value=148 (0x94) touch=1  raw=c20a034210020000000000000000009400000000000000000001000000000000000000
   91.755  FADER 0x4203 LEVEL PLAYBACK 1 value=162 (0xa2) touch=1  raw=c20a03421002000000000000000000a200000000000000000001000000000000000000
   91.770  FADER 0x4203 LEVEL PLAYBACK 1 value=175 (0xaf) touch=1  raw=c20a03421002000000000000000000af00000000000000000001000000000000000000
   91.786  FADER 0x4203 LEVEL PLAYBACK 1 value=191 (0xbf) touch=1  raw=c20a03421002000000000000000000bf00000000000000000001000000000000000000
   91.794  FADER 0x4203 LEVEL PLAYBACK 1 value=207 (0xcf) touch=1  raw=c20a03421002000000000000000000cf00000000000000000001000000000000000000
   91.810  FADER 0x4203 LEVEL PLAYBACK 1 value=220 (0xdc) touch=1  raw=c20a03421002000000000000000000dc00000000000000000001000000000000000000
   91.826  FADER 0x4203 LEVEL PLAYBACK 1 value=230 (0xe6) touch=1  raw=c20a03421002000000000000000000e600000000000000000001000000000000000000
   91.842  FADER 0x4203 LEVEL PLAYBACK 1 value=240 (0xf0) touch=1  raw=c20a03421002000000000000000000f000000000000000000001000000000000000000
   91.850  FADER 0x4203 LEVEL PLAYBACK 1 value=252 (0xfc) touch=1  raw=c20a03421002000000000000000000fc00000000000000000001000000000000000000
   91.866  FADER 0x4203 LEVEL PLAYBACK 1 value=255 (0xff) touch=1  raw=c20a03421002000000000000000000ff00000000000000000001000000000000000000
   92.738  FADER 0x4203 LEVEL PLAYBACK 1 value=244 (0xf4) touch=1  raw=c20a03421002000000000000000000f400000000000000000001000000000000000000
   92.770  FADER 0x4203 LEVEL PLAYBACK 1 value=231 (0xe7) touch=1  raw=c20a03421002000000000000000000e700000000000000000001000000000000000000
   92.794  FADER 0x4203 LEVEL PLAYBACK 1 value=220 (0xdc) touch=1  raw=c20a03421002000000000000000000dc00000000000000000001000000000000000000
   92.826  FADER 0x4203 LEVEL PLAYBACK 1 value=206 (0xce) touch=1  raw=c20a03421002000000000000000000ce00000000000000000001000000000000000000
   92.850  FADER 0x4203 LEVEL PLAYBACK 1 value=191 (0xbf) touch=1  raw=c20a03421002000000000000000000bf00000000000000000001000000000000000000
   92.883  FADER 0x4203 LEVEL PLAYBACK 1 value=178 (0xb2) touch=1  raw=c20a03421002000000000000000000b200000000000000000001000000000000000000
   92.906  FADER 0x4203 LEVEL PLAYBACK 1 value=165 (0xa5) touch=1  raw=c20a03421002000000000000000000a500000000000000000001000000000000000000
   92.938  FADER 0x4203 LEVEL PLAYBACK 1 value=155 (0x9b) touch=1  raw=c20a034210020000000000000000009b00000000000000000001000000000000000000
   92.962  FADER 0x4203 LEVEL PLAYBACK 1 value=146 (0x92) touch=1  raw=c20a034210020000000000000000009200000000000000000001000000000000000000
   92.978  FADER 0x4203 LEVEL PLAYBACK 1 value=142 (0x8e) touch=1  raw=c20a034210020000000000000000008e00000000000000000001000000000000000000
   93.002  FADER 0x4203 LEVEL PLAYBACK 1 value=132 (0x84) touch=1  raw=c20a034210020000000000000000008400000000000000000001000000000000000000
   93.034  FADER 0x4203 LEVEL PLAYBACK 1 value=120 (0x78) touch=1  raw=c20a034210020000000000000000007800000000000000000001000000000000000000
   93.058  FADER 0x4203 LEVEL PLAYBACK 1 value=106 (0x6a) touch=1  raw=c20a034210020000000000000000006a00000000000000000001000000000000000000
   93.091  FADER 0x4203 LEVEL PLAYBACK 1 value=92 (0x5c) touch=1  raw=c20a034210020000000000000000005c00000000000000000001000000000000000000
   93.115  FADER 0x4203 LEVEL PLAYBACK 1 value=75 (0x4b) touch=1  raw=c20a034210020000000000000000004b00000000000000000001000000000000000000
   93.146  FADER 0x4203 LEVEL PLAYBACK 1 value=63 (0x3f) touch=1  raw=c20a034210020000000000000000003f00000000000000000001000000000000000000
   93.155  FADER 0x4203 LEVEL PLAYBACK 1 value=59 (0x3b) touch=1  raw=c20a034210020000000000000000003b00000000000000000001000000000000000000
   93.186  FADER 0x4203 LEVEL PLAYBACK 1 value=49 (0x31) touch=1  raw=c20a034210020000000000000000003100000000000000000001000000000000000000
   93.211  FADER 0x4203 LEVEL PLAYBACK 1 value=38 (0x26) touch=1  raw=c20a034210020000000000000000002600000000000000000001000000000000000000
   93.242  FADER 0x4203 LEVEL PLAYBACK 1 value=28 (0x1c) touch=1  raw=c20a034210020000000000000000001c00000000000000000001000000000000000000
   93.268  FADER 0x4203 LEVEL PLAYBACK 1 value=15 (0x0f) touch=1  raw=c20a034210020000000000000000000f00000000000000000001000000000000000000
   93.298  FADER 0x4203 LEVEL PLAYBACK 1 value=0 (0x00) touch=1  raw=c20a034210020000000000000000000000000000000000000001000000000000000000
   94.034  FADER 0x4203 LEVEL PLAYBACK 1 value=0 (0x00) touch=0 (lift)  raw=c20a034210020000000000000000000000000000000000000000000000000000000000
   96.898  FADER 0x4293 LEVEL PLAYBACK 10 value=0 (0x00) touch=1  raw=c20a034210000000000000000000020000000000000000000000000000000000000001
   97.010  FADER 0x4293 LEVEL PLAYBACK 10 value=8 (0x08) touch=1  raw=c20a034210000000000000000000020000000000000000000800000000000000000001
   97.026  FADER 0x4293 LEVEL PLAYBACK 10 value=20 (0x14) touch=1  raw=c20a034210000000000000000000020000000000000000001400000000000000000001
   97.042  FADER 0x4293 LEVEL PLAYBACK 10 value=27 (0x1b) touch=1  raw=c20a034210000000000000000000020000000000000000001b00000000000000000001
   97.050  FADER 0x4293 LEVEL PLAYBACK 10 value=32 (0x20) touch=1  raw=c20a034210000000000000000000020000000000000000002000000000000000000001
   97.066  FADER 0x4293 LEVEL PLAYBACK 10 value=37 (0x25) touch=1  raw=c20a034210000000000000000000020000000000000000002500000000000000000001
   97.082  FADER 0x4293 LEVEL PLAYBACK 10 value=42 (0x2a) touch=1  raw=c20a034210000000000000000000020000000000000000002a00000000000000000001
   97.098  FADER 0x4293 LEVEL PLAYBACK 10 value=51 (0x33) touch=1  raw=c20a034210000000000000000000020000000000000000003300000000000000000001
   97.107  FADER 0x4293 LEVEL PLAYBACK 10 value=62 (0x3e) touch=1  raw=c20a034210000000000000000000020000000000000000003e00000000000000000001
   97.122  FADER 0x4293 LEVEL PLAYBACK 10 value=75 (0x4b) touch=1  raw=c20a034210000000000000000000020000000000000000004b00000000000000000001
   97.139  FADER 0x4293 LEVEL PLAYBACK 10 value=89 (0x59) touch=1  raw=c20a034210000000000000000000020000000000000000005900000000000000000001
   97.155  FADER 0x4293 LEVEL PLAYBACK 10 value=101 (0x65) touch=1  raw=c20a034210000000000000000000020000000000000000006500000000000000000001
   97.163  FADER 0x4293 LEVEL PLAYBACK 10 value=110 (0x6e) touch=1  raw=c20a034210000000000000000000020000000000000000006e00000000000000000001
   97.178  FADER 0x4293 LEVEL PLAYBACK 10 value=118 (0x76) touch=1  raw=c20a034210000000000000000000020000000000000000007600000000000000000001
   97.195  FADER 0x4293 LEVEL PLAYBACK 10 value=128 (0x80) touch=1  raw=c20a034210000000000000000000020000000000000000008000000000000000000001
   97.211  FADER 0x4293 LEVEL PLAYBACK 10 value=138 (0x8a) touch=1  raw=c20a034210000000000000000000020000000000000000008a00000000000000000001
   97.218  FADER 0x4293 LEVEL PLAYBACK 10 value=149 (0x95) touch=1  raw=c20a034210000000000000000000020000000000000000009500000000000000000001
   97.235  FADER 0x4293 LEVEL PLAYBACK 10 value=161 (0xa1) touch=1  raw=c20a03421000000000000000000002000000000000000000a100000000000000000001
   97.250  FADER 0x4293 LEVEL PLAYBACK 10 value=174 (0xae) touch=1  raw=c20a03421000000000000000000002000000000000000000ae00000000000000000001
   97.266  FADER 0x4293 LEVEL PLAYBACK 10 value=187 (0xbb) touch=1  raw=c20a03421000000000000000000002000000000000000000bb00000000000000000001
   97.274  FADER 0x4293 LEVEL PLAYBACK 10 value=199 (0xc7) touch=1  raw=c20a03421000000000000000000002000000000000000000c700000000000000000001
   97.291  FADER 0x4293 LEVEL PLAYBACK 10 value=210 (0xd2) touch=1  raw=c20a03421000000000000000000002000000000000000000d200000000000000000001
   97.306  FADER 0x4293 LEVEL PLAYBACK 10 value=218 (0xda) touch=1  raw=c20a03421000000000000000000002000000000000000000da00000000000000000001
   97.314  FADER 0x4293 LEVEL PLAYBACK 10 value=227 (0xe3) touch=1  raw=c20a03421000000000000000000002000000000000000000e300000000000000000001
   97.330  FADER 0x4293 LEVEL PLAYBACK 10 value=234 (0xea) touch=1  raw=c20a03421000000000000000000002000000000000000000ea00000000000000000001
   97.346  FADER 0x4293 LEVEL PLAYBACK 10 value=244 (0xf4) touch=1  raw=c20a03421000000000000000000002000000000000000000f400000000000000000001
   97.363  FADER 0x4293 LEVEL PLAYBACK 10 value=254 (0xfe) touch=1  raw=c20a03421000000000000000000002000000000000000000fe00000000000000000001
   97.370  FADER 0x4293 LEVEL PLAYBACK 10 value=255 (0xff) touch=1  raw=c20a03421000000000000000000002000000000000000000ff00000000000000000001
   98.179  FADER 0x4293 LEVEL PLAYBACK 10 value=242 (0xf2) touch=1  raw=c20a03421000000000000000000002000000000000000000f200000000000000000001
   98.202  FADER 0x4293 LEVEL PLAYBACK 10 value=223 (0xdf) touch=1  raw=c20a03421000000000000000000002000000000000000000df00000000000000000001
   98.234  FADER 0x4293 LEVEL PLAYBACK 10 value=196 (0xc4) touch=1  raw=c20a03421000000000000000000002000000000000000000c400000000000000000001
   98.259  FADER 0x4293 LEVEL PLAYBACK 10 value=170 (0xaa) touch=1  raw=c20a03421000000000000000000002000000000000000000aa00000000000000000001
   98.290  FADER 0x4293 LEVEL PLAYBACK 10 value=146 (0x92) touch=1  raw=c20a034210000000000000000000020000000000000000009200000000000000000001
   98.314  FADER 0x4293 LEVEL PLAYBACK 10 value=118 (0x76) touch=1  raw=c20a034210000000000000000000020000000000000000007600000000000000000001
   98.346  FADER 0x4293 LEVEL PLAYBACK 10 value=94 (0x5e) touch=1  raw=c20a034210000000000000000000020000000000000000005e00000000000000000001
   98.370  FADER 0x4293 LEVEL PLAYBACK 10 value=74 (0x4a) touch=1  raw=c20a034210000000000000000000020000000000000000004a00000000000000000001
   98.402  FADER 0x4293 LEVEL PLAYBACK 10 value=60 (0x3c) touch=1  raw=c20a034210000000000000000000020000000000000000003c00000000000000000001
   98.426  FADER 0x4293 LEVEL PLAYBACK 10 value=42 (0x2a) touch=1  raw=c20a034210000000000000000000020000000000000000002a00000000000000000001
   98.458  FADER 0x4293 LEVEL PLAYBACK 10 value=22 (0x16) touch=1  raw=c20a034210000000000000000000020000000000000000001600000000000000000001
   98.482  FADER 0x4293 LEVEL PLAYBACK 10 value=0 (0x00) touch=1  raw=c20a034210000000000000000000020000000000000000000000000000000000000001
   98.923  FADER 0x4293 LEVEL PLAYBACK 10 value=0 (0x00) touch=0 (lift)  raw=c20a034210000000000000000000020000000000000000000000000000000000000000
  110.979  FADER 0x6112 VALUE BASE CHANNEL 1 value=0 (0x00) touch=1  raw=02021261000001
  111.546  FADER 0x6112 VALUE BASE CHANNEL 1 value=2 (0x02) touch=1  raw=02021261000201
  111.563  FADER 0x6112 VALUE BASE CHANNEL 1 value=7 (0x07) touch=1  raw=02021261000701
  111.579  FADER 0x6112 VALUE BASE CHANNEL 1 value=11 (0x0b) touch=1  raw=02021261000b01
  111.587  FADER 0x6112 VALUE BASE CHANNEL 1 value=14 (0x0e) touch=1  raw=02021261000e01
  111.602  FADER 0x6112 VALUE BASE CHANNEL 1 value=16 (0x10) touch=1  raw=02021261001001
  111.618  FADER 0x6112 VALUE BASE CHANNEL 1 value=17 (0x11) touch=1  raw=02021261001101
  111.635  FADER 0x6112 VALUE BASE CHANNEL 1 value=18 (0x12) touch=1  raw=02021261001201
  111.642  FADER 0x6112 VALUE BASE CHANNEL 1 value=19 (0x13) touch=1  raw=02021261001301
  111.674  FADER 0x6112 VALUE BASE CHANNEL 1 value=20 (0x14) touch=1  raw=02021261001401
  112.210  FADER 0x6112 VALUE BASE CHANNEL 1 value=15 (0x0f) touch=1  raw=02021261000f01
  112.458  FADER 0x6112 VALUE BASE CHANNEL 1 value=14 (0x0e) touch=1  raw=02021261000e01
  112.562  FADER 0x6112 VALUE BASE CHANNEL 1 value=13 (0x0d) touch=1  raw=02021261000d01
  112.722  FADER 0x6112 VALUE BASE CHANNEL 1 value=12 (0x0c) touch=1  raw=02021261000c01
  112.770  FADER 0x6112 VALUE BASE CHANNEL 1 value=11 (0x0b) touch=1  raw=02021261000b01
  112.876  FADER 0x6112 VALUE BASE CHANNEL 1 value=10 (0x0a) touch=1  raw=02021261000a01
  112.923  FADER 0x6112 VALUE BASE CHANNEL 1 value=9 (0x09) touch=1  raw=02021261000901
  112.963  FADER 0x6112 VALUE BASE CHANNEL 1 value=8 (0x08) touch=1  raw=02021261000801
  112.979  FADER 0x6112 VALUE BASE CHANNEL 1 value=7 (0x07) touch=1  raw=02021261000701
  113.018  FADER 0x6112 VALUE BASE CHANNEL 1 value=6 (0x06) touch=1  raw=02021261000601
  113.338  FADER 0x6112 VALUE BASE CHANNEL 1 value=5 (0x05) touch=1  raw=02021261000501
  113.378  FADER 0x6112 VALUE BASE CHANNEL 1 value=4 (0x04) touch=1  raw=02021261000401
  113.498  FADER 0x6112 VALUE BASE CHANNEL 1 value=3 (0x03) touch=1  raw=02021261000301
  113.587  FADER 0x6112 VALUE BASE CHANNEL 1 value=2 (0x02) touch=1  raw=02021261000201
  113.947  FADER 0x6112 VALUE BASE CHANNEL 1 value=1 (0x01) touch=1  raw=02021261000101
  114.003  FADER 0x6112 VALUE BASE CHANNEL 1 value=0 (0x00) touch=1  raw=02021261000001
  114.498  FADER 0x6112 VALUE BASE CHANNEL 1 value=1 (0x01) touch=1  raw=02021261000101
  114.554  FADER 0x6112 VALUE BASE CHANNEL 1 value=2 (0x02) touch=1  raw=02021261000201
  114.570  FADER 0x6112 VALUE BASE CHANNEL 1 value=3 (0x03) touch=1  raw=02021261000301
  114.594  FADER 0x6112 VALUE BASE CHANNEL 1 value=5 (0x05) touch=1  raw=02021261000501
  114.682  FADER 0x6112 VALUE BASE CHANNEL 1 value=6 (0x06) touch=1  raw=02021261000601
  114.722  FADER 0x6112 VALUE BASE CHANNEL 1 value=6 (0x06) touch=0 (lift)  raw=02021261000600
  115.058  KEY   0x6111 BASE CHANNEL 1 state=1 (press)  raw=0102116101
  115.387  KEY   0x6111 BASE CHANNEL 1 state=0 (release)  raw=0102116100
  116.954  FADER 0x6112 VALUE BASE CHANNEL 1 value=0 (0x00) touch=1  raw=02021261000001
  117.035  FADER 0x6112 VALUE BASE CHANNEL 1 value=2 (0x02) touch=1  raw=02021261000201
  117.050  FADER 0x6112 VALUE BASE CHANNEL 1 value=12 (0x0c) touch=1  raw=02021261000c01
  117.066  FADER 0x6112 VALUE BASE CHANNEL 1 value=24 (0x18) touch=1  raw=02021261001801
  117.074  FADER 0x6112 VALUE BASE CHANNEL 1 value=34 (0x22) touch=1  raw=02021261002201
  117.090  FADER 0x6112 VALUE BASE CHANNEL 1 value=42 (0x2a) touch=1  raw=02021261002a01
  117.107  FADER 0x6112 VALUE BASE CHANNEL 1 value=51 (0x33) touch=1  raw=02021261003301
  117.122  FADER 0x6112 VALUE BASE CHANNEL 1 value=59 (0x3b) touch=1  raw=02021261003b01
  117.131  FADER 0x6112 VALUE BASE CHANNEL 1 value=70 (0x46) touch=1  raw=02021261004601
  117.146  FADER 0x6112 VALUE BASE CHANNEL 1 value=82 (0x52) touch=1  raw=02021261005201
  117.162  FADER 0x6112 VALUE BASE CHANNEL 1 value=96 (0x60) touch=1  raw=02021261006001
  117.178  FADER 0x6112 VALUE BASE CHANNEL 1 value=109 (0x6d) touch=1  raw=02021261006d01
  117.187  FADER 0x6112 VALUE BASE CHANNEL 1 value=120 (0x78) touch=1  raw=02021261007801
  117.202  FADER 0x6112 VALUE BASE CHANNEL 1 value=130 (0x82) touch=1  raw=02021261008201
  117.218  FADER 0x6112 VALUE BASE CHANNEL 1 value=137 (0x89) touch=1  raw=02021261008901
  117.235  FADER 0x6112 VALUE BASE CHANNEL 1 value=143 (0x8f) touch=1  raw=02021261008f01
  117.242  FADER 0x6112 VALUE BASE CHANNEL 1 value=148 (0x94) touch=1  raw=02021261009401
  117.258  FADER 0x6112 VALUE BASE CHANNEL 1 value=153 (0x99) touch=1  raw=02021261009901
  117.275  FADER 0x6112 VALUE BASE CHANNEL 1 value=160 (0xa0) touch=1  raw=0202126100a001
  117.282  FADER 0x6112 VALUE BASE CHANNEL 1 value=165 (0xa5) touch=1  raw=0202126100a501
  117.299  FADER 0x6112 VALUE BASE CHANNEL 1 value=171 (0xab) touch=1  raw=0202126100ab01
  117.314  FADER 0x6112 VALUE BASE CHANNEL 1 value=176 (0xb0) touch=1  raw=0202126100b001
  117.330  FADER 0x6112 VALUE BASE CHANNEL 1 value=181 (0xb5) touch=1  raw=0202126100b501
  117.338  FADER 0x6112 VALUE BASE CHANNEL 1 value=188 (0xbc) touch=1  raw=0202126100bc01
  117.354  FADER 0x6112 VALUE BASE CHANNEL 1 value=193 (0xc1) touch=1  raw=0202126100c101
  117.370  FADER 0x6112 VALUE BASE CHANNEL 1 value=198 (0xc6) touch=1  raw=0202126100c601
  117.386  FADER 0x6112 VALUE BASE CHANNEL 1 value=202 (0xca) touch=1  raw=0202126100ca01
  117.394  FADER 0x6112 VALUE BASE CHANNEL 1 value=205 (0xcd) touch=1  raw=0202126100cd01
  117.410  FADER 0x6112 VALUE BASE CHANNEL 1 value=209 (0xd1) touch=1  raw=0202126100d101
  117.427  FADER 0x6112 VALUE BASE CHANNEL 1 value=213 (0xd5) touch=1  raw=0202126100d501
  117.434  FADER 0x6112 VALUE BASE CHANNEL 1 value=216 (0xd8) touch=1  raw=0202126100d801
  117.451  FADER 0x6112 VALUE BASE CHANNEL 1 value=220 (0xdc) touch=1  raw=0202126100dc01
  117.466  FADER 0x6112 VALUE BASE CHANNEL 1 value=224 (0xe0) touch=1  raw=0202126100e001
  117.483  FADER 0x6112 VALUE BASE CHANNEL 1 value=227 (0xe3) touch=1  raw=0202126100e301
  117.490  FADER 0x6112 VALUE BASE CHANNEL 1 value=229 (0xe5) touch=1  raw=0202126100e501
  117.507  FADER 0x6112 VALUE BASE CHANNEL 1 value=230 (0xe6) touch=1  raw=0202126100e601
  117.522  FADER 0x6112 VALUE BASE CHANNEL 1 value=231 (0xe7) touch=1  raw=0202126100e701
  117.539  FADER 0x6112 VALUE BASE CHANNEL 1 value=232 (0xe8) touch=1  raw=0202126100e801
  117.563  FADER 0x6112 VALUE BASE CHANNEL 1 value=235 (0xeb) touch=1  raw=0202126100eb01
  117.579  FADER 0x6112 VALUE BASE CHANNEL 1 value=237 (0xed) touch=1  raw=0202126100ed01
  117.594  FADER 0x6112 VALUE BASE CHANNEL 1 value=240 (0xf0) touch=1  raw=0202126100f001
  117.602  FADER 0x6112 VALUE BASE CHANNEL 1 value=243 (0xf3) touch=1  raw=0202126100f301
  117.619  FADER 0x6112 VALUE BASE CHANNEL 1 value=246 (0xf6) touch=1  raw=0202126100f601
  117.634  FADER 0x6112 VALUE BASE CHANNEL 1 value=248 (0xf8) touch=1  raw=0202126100f801
  117.643  FADER 0x6112 VALUE BASE CHANNEL 1 value=249 (0xf9) touch=1  raw=0202126100f901
  117.770  FADER 0x6112 VALUE BASE CHANNEL 1 value=253 (0xfd) touch=1  raw=0202126100fd01
  117.787  FADER 0x6112 VALUE BASE CHANNEL 1 value=255 (0xff) touch=1  raw=0202126100ff01
  118.827  FADER 0x6112 VALUE BASE CHANNEL 1 value=253 (0xfd) touch=1  raw=0202126100fd01
  118.834  FADER 0x6112 VALUE BASE CHANNEL 1 value=249 (0xf9) touch=1  raw=0202126100f901
  118.869  FADER 0x6112 VALUE BASE CHANNEL 1 value=238 (0xee) touch=1  raw=0202126100ee01
  118.890  FADER 0x6112 VALUE BASE CHANNEL 1 value=226 (0xe2) touch=1  raw=0202126100e201
  118.923  FADER 0x6112 VALUE BASE CHANNEL 1 value=214 (0xd6) touch=1  raw=0202126100d601
  118.946  FADER 0x6112 VALUE BASE CHANNEL 1 value=194 (0xc2) touch=1  raw=0202126100c201
  118.979  FADER 0x6112 VALUE BASE CHANNEL 1 value=173 (0xad) touch=1  raw=0202126100ad01
  119.002  FADER 0x6112 VALUE BASE CHANNEL 1 value=154 (0x9a) touch=1  raw=02021261009a01
  119.035  FADER 0x6112 VALUE BASE CHANNEL 1 value=134 (0x86) touch=1  raw=02021261008601
  119.058  FADER 0x6112 VALUE BASE CHANNEL 1 value=115 (0x73) touch=1  raw=02021261007301
  119.090  FADER 0x6112 VALUE BASE CHANNEL 1 value=96 (0x60) touch=1  raw=02021261006001
  119.114  FADER 0x6112 VALUE BASE CHANNEL 1 value=77 (0x4d) touch=1  raw=02021261004d01
  119.146  FADER 0x6112 VALUE BASE CHANNEL 1 value=58 (0x3a) touch=1  raw=02021261003a01
  119.170  FADER 0x6112 VALUE BASE CHANNEL 1 value=42 (0x2a) touch=1  raw=02021261002a01
  119.195  FADER 0x6112 VALUE BASE CHANNEL 1 value=26 (0x1a) touch=1  raw=02021261001a01
  119.227  FADER 0x6112 VALUE BASE CHANNEL 1 value=11 (0x0b) touch=1  raw=02021261000b01
  119.251  FADER 0x6112 VALUE BASE CHANNEL 1 value=0 (0x00) touch=1  raw=02021261000001
  119.282  FADER 0x6112 VALUE BASE CHANNEL 1 value=0 (0x00) touch=0 (lift)  raw=02021261000000
--- 120.0 s: 233 events; reports by type: analog-bank=96 fader=97 key=36 key-bank=4; idle polls=14767 (123.1/s)
--- report interval: min 7.0 ms, max 12056.0 ms (between non-empty packets)
