M-Touch (no serial) (11be:f808) open; listening on EP 0x82 for 30 s ... (touch faders / press keys)
   10.145  KEY   0x5103 COMMAND CLEAR state=1 (press)  raw=0102035101
   10.377  KEY   0x5103 COMMAND CLEAR state=0 (release)  raw=0102035100
   13.313  FADER 0x4203 LEVEL PLAYBACK 1 value=0 (0x00) touch=1  raw=c20a034210020000000000000000000000000000000000000001000000000000000000
   13.578  FADER 0x4203 LEVEL PLAYBACK 1 value=13 (0x0d) touch=1  raw=c20a034210020000000000000000000d00000000000000000001000000000000000000
   13.585  FADER 0x4203 LEVEL PLAYBACK 1 value=28 (0x1c) touch=1  raw=c20a034210020000000000000000001c00000000000000000001000000000000000000
   13.602  FADER 0x4203 LEVEL PLAYBACK 1 value=45 (0x2d) touch=1  raw=c20a034210020000000000000000002d00000000000000000001000000000000000000
   13.617  FADER 0x4203 LEVEL PLAYBACK 1 value=64 (0x40) touch=1  raw=c20a034210020000000000000000004000000000000000000001000000000000000000
   13.634  FADER 0x4203 LEVEL PLAYBACK 1 value=85 (0x55) touch=1  raw=c20a034210020000000000000000005500000000000000000001000000000000000000
   13.641  FADER 0x4203 LEVEL PLAYBACK 1 value=109 (0x6d) touch=1  raw=c20a034210020000000000000000006d00000000000000000001000000000000000000
   13.657  FADER 0x4203 LEVEL PLAYBACK 1 value=133 (0x85) touch=1  raw=c20a034210020000000000000000008500000000000000000001000000000000000000
   13.673  FADER 0x4203 LEVEL PLAYBACK 1 value=155 (0x9b) touch=1  raw=c20a034210020000000000000000009b00000000000000000001000000000000000000
   13.689  FADER 0x4203 LEVEL PLAYBACK 1 value=174 (0xae) touch=1  raw=c20a03421002000000000000000000ae00000000000000000001000000000000000000
   13.697  FADER 0x4203 LEVEL PLAYBACK 1 value=194 (0xc2) touch=1  raw=c20a03421002000000000000000000c200000000000000000001000000000000000000
   13.714  FADER 0x4203 LEVEL PLAYBACK 1 value=215 (0xd7) touch=1  raw=c20a03421002000000000000000000d700000000000000000001000000000000000000
   13.729  FADER 0x4203 LEVEL PLAYBACK 1 value=227 (0xe3) touch=1  raw=c20a03421002000000000000000000e300000000000000000001000000000000000000
   13.738  FADER 0x4203 LEVEL PLAYBACK 1 value=242 (0xf2) touch=1  raw=c20a03421002000000000000000000f200000000000000000001000000000000000000
   13.753  FADER 0x4203 LEVEL PLAYBACK 1 value=255 (0xff) touch=1  raw=c20a03421002000000000000000000ff00000000000000000001000000000000000000
   14.569  FADER 0x4203 LEVEL PLAYBACK 1 value=239 (0xef) touch=1  raw=c20a03421002000000000000000000ef00000000000000000001000000000000000000
   14.602  FADER 0x4203 LEVEL PLAYBACK 1 value=219 (0xdb) touch=1  raw=c20a03421002000000000000000000db00000000000000000001000000000000000000
   14.625  FADER 0x4203 LEVEL PLAYBACK 1 value=193 (0xc1) touch=1  raw=c20a03421002000000000000000000c100000000000000000001000000000000000000
   14.657  FADER 0x4203 LEVEL PLAYBACK 1 value=165 (0xa5) touch=1  raw=c20a03421002000000000000000000a500000000000000000001000000000000000000
   14.682  FADER 0x4203 LEVEL PLAYBACK 1 value=143 (0x8f) touch=1  raw=c20a034210020000000000000000008f00000000000000000001000000000000000000
   14.714  FADER 0x4203 LEVEL PLAYBACK 1 value=114 (0x72) touch=1  raw=c20a034210020000000000000000007200000000000000000001000000000000000000
   14.737  FADER 0x4203 LEVEL PLAYBACK 1 value=87 (0x57) touch=1  raw=c20a034210020000000000000000005700000000000000000001000000000000000000
   14.770  FADER 0x4203 LEVEL PLAYBACK 1 value=65 (0x41) touch=1  raw=c20a034210020000000000000000004100000000000000000001000000000000000000
   14.794  FADER 0x4203 LEVEL PLAYBACK 1 value=41 (0x29) touch=1  raw=c20a034210020000000000000000002900000000000000000001000000000000000000
   14.826  FADER 0x4203 LEVEL PLAYBACK 1 value=14 (0x0e) touch=1  raw=c20a034210020000000000000000000e00000000000000000001000000000000000000
   14.849  FADER 0x4203 LEVEL PLAYBACK 1 value=0 (0x00) touch=1  raw=c20a034210020000000000000000000000000000000000000001000000000000000000
   15.282  FADER 0x4203 LEVEL PLAYBACK 1 value=0 (0x00) touch=0 (lift)  raw=c20a034210020000000000000000000000000000000000000000000000000000000000
--- 30.0 s: 29 events; reports by type: analog-bank=27 key=2; idle polls=3721 (124.0/s)
--- report interval: min 7.4 ms, max 2935.4 ms (between non-empty packets)
